<?xml version="1.0" encoding="ISO-8859-1" ?>
<link_info>
   <banner>TMS320C2000 Linker PC v22.6.0.LTS</banner>
   <copyright>Copyright (c) 1996-2018 Texas Instruments Incorporated</copyright>
   <link_time>0x652249d7</link_time>
   <link_errors>0x0</link_errors>
   <output_file>ControlBoard.out</output_file>
   <entry_point>
      <name>_c_int00</name>
      <address>0x3f4ce1</address>
   </entry_point>
   <input_file_list>
      <input_file id="fl-2">
         <path>.\drivers\</path>
         <kind>object</kind>
         <file>ads1256.obj</file>
         <name>ads1256.obj</name>
      </input_file>
      <input_file id="fl-3">
         <path>.\drivers\</path>
         <kind>object</kind>
         <file>adt75.obj</file>
         <name>adt75.obj</name>
      </input_file>
      <input_file id="fl-4">
         <path>.\drivers\</path>
         <kind>object</kind>
         <file>drv_at24x.obj</file>
         <name>drv_at24x.obj</name>
      </input_file>
      <input_file id="fl-5">
         <path>.\drivers\</path>
         <kind>object</kind>
         <file>lir_da158a_02.obj</file>
         <name>lir_da158a_02.obj</name>
      </input_file>
      <input_file id="fl-6">
         <path>.\drivers\</path>
         <kind>object</kind>
         <file>netcomm.obj</file>
         <name>netcomm.obj</name>
      </input_file>
      <input_file id="fl-7">
         <path>.\drivers\</path>
         <kind>object</kind>
         <file>netcrc.obj</file>
         <name>netcrc.obj</name>
      </input_file>
      <input_file id="fl-8">
         <path>.\drivers\</path>
         <kind>object</kind>
         <file>netwrapper.obj</file>
         <name>netwrapper.obj</name>
      </input_file>
      <input_file id="fl-9">
         <path>.\f2802x_common\</path>
         <kind>object</kind>
         <file>f2802x_adc.obj</file>
         <name>f2802x_adc.obj</name>
      </input_file>
      <input_file id="fl-a">
         <path>.\f2802x_common\</path>
         <kind>object</kind>
         <file>f2802x_codestartbranch.obj</file>
         <name>f2802x_codestartbranch.obj</name>
      </input_file>
      <input_file id="fl-b">
         <path>.\f2802x_common\</path>
         <kind>object</kind>
         <file>f2802x_cputimers.obj</file>
         <name>f2802x_cputimers.obj</name>
      </input_file>
      <input_file id="fl-c">
         <path>.\f2802x_common\</path>
         <kind>object</kind>
         <file>f2802x_defaultisr.obj</file>
         <name>f2802x_defaultisr.obj</name>
      </input_file>
      <input_file id="fl-d">
         <path>.\f2802x_common\</path>
         <kind>object</kind>
         <file>f2802x_gpio.obj</file>
         <name>f2802x_gpio.obj</name>
      </input_file>
      <input_file id="fl-e">
         <path>.\f2802x_common\</path>
         <kind>object</kind>
         <file>f2802x_i2c.obj</file>
         <name>f2802x_i2c.obj</name>
      </input_file>
      <input_file id="fl-f">
         <path>.\f2802x_common\</path>
         <kind>object</kind>
         <file>f2802x_piectrl.obj</file>
         <name>f2802x_piectrl.obj</name>
      </input_file>
      <input_file id="fl-10">
         <path>.\f2802x_common\</path>
         <kind>object</kind>
         <file>f2802x_pievect.obj</file>
         <name>f2802x_pievect.obj</name>
      </input_file>
      <input_file id="fl-11">
         <path>.\f2802x_common\</path>
         <kind>object</kind>
         <file>f2802x_sci.obj</file>
         <name>f2802x_sci.obj</name>
      </input_file>
      <input_file id="fl-12">
         <path>.\f2802x_common\</path>
         <kind>object</kind>
         <file>f2802x_spi.obj</file>
         <name>f2802x_spi.obj</name>
      </input_file>
      <input_file id="fl-13">
         <path>.\f2802x_common\</path>
         <kind>object</kind>
         <file>f2802x_sysctrl.obj</file>
         <name>f2802x_sysctrl.obj</name>
      </input_file>
      <input_file id="fl-14">
         <path>.\f2802x_common\</path>
         <kind>object</kind>
         <file>f2802x_tempsensorconv.obj</file>
         <name>f2802x_tempsensorconv.obj</name>
      </input_file>
      <input_file id="fl-15">
         <path>.\f2802x_common\</path>
         <kind>object</kind>
         <file>f2802x_usdelay.obj</file>
         <name>f2802x_usdelay.obj</name>
      </input_file>
      <input_file id="fl-16">
         <path>.\f2802x_headers\</path>
         <kind>object</kind>
         <file>F2802x_GlobalVariableDefs.obj</file>
         <name>F2802x_GlobalVariableDefs.obj</name>
      </input_file>
      <input_file id="fl-17">
         <path>.\source\</path>
         <kind>object</kind>
         <file>ApFilter3.obj</file>
         <name>ApFilter3.obj</name>
      </input_file>
      <input_file id="fl-18">
         <path>.\source\</path>
         <kind>object</kind>
         <file>interface.obj</file>
         <name>interface.obj</name>
      </input_file>
      <input_file id="fl-19">
         <path>.\source\</path>
         <kind>object</kind>
         <file>main.obj</file>
         <name>main.obj</name>
      </input_file>
      <input_file id="fl-1a">
         <path>.\source\</path>
         <kind>object</kind>
         <file>system_init.obj</file>
         <name>system_init.obj</name>
      </input_file>
      <input_file id="fl-20">
         <kind>object</kind>
         <file>&lt;internal&gt;</file>
         <name>&lt;internal&gt;</name>
      </input_file>
      <input_file id="fl-2c">
         <path>C:\ti\ccs1240\ccs\tools\compiler\ti-cgt-c2000_22.6.0.LTS\lib\</path>
         <kind>archive</kind>
         <file>rts2800_ml.lib</file>
         <name>boot28.asm.obj</name>
      </input_file>
      <input_file id="fl-2d">
         <path>C:\ti\ccs1240\ccs\tools\compiler\ti-cgt-c2000_22.6.0.LTS\lib\</path>
         <kind>archive</kind>
         <file>rts2800_ml.lib</file>
         <name>fs_add28.asm.obj</name>
      </input_file>
      <input_file id="fl-2e">
         <path>C:\ti\ccs1240\ccs\tools\compiler\ti-cgt-c2000_22.6.0.LTS\lib\</path>
         <kind>archive</kind>
         <file>rts2800_ml.lib</file>
         <name>fs_div28.asm.obj</name>
      </input_file>
      <input_file id="fl-2f">
         <path>C:\ti\ccs1240\ccs\tools\compiler\ti-cgt-c2000_22.6.0.LTS\lib\</path>
         <kind>archive</kind>
         <file>rts2800_ml.lib</file>
         <name>fs_tou28.asm.obj</name>
      </input_file>
      <input_file id="fl-30">
         <path>C:\ti\ccs1240\ccs\tools\compiler\ti-cgt-c2000_22.6.0.LTS\lib\</path>
         <kind>archive</kind>
         <file>rts2800_ml.lib</file>
         <name>ul_tofs28.asm.obj</name>
      </input_file>
      <input_file id="fl-31">
         <path>C:\ti\ccs1240\ccs\tools\compiler\ti-cgt-c2000_22.6.0.LTS\lib\</path>
         <kind>archive</kind>
         <file>rts2800_ml.lib</file>
         <name>cpy_tbl.c.obj</name>
      </input_file>
      <input_file id="fl-32">
         <path>C:\ti\ccs1240\ccs\tools\compiler\ti-cgt-c2000_22.6.0.LTS\lib\</path>
         <kind>archive</kind>
         <file>rts2800_ml.lib</file>
         <name>memcpy.c.obj</name>
      </input_file>
      <input_file id="fl-33">
         <path>C:\ti\ccs1240\ccs\tools\compiler\ti-cgt-c2000_22.6.0.LTS\lib\</path>
         <kind>archive</kind>
         <file>rts2800_ml.lib</file>
         <name>pre_init.c.obj</name>
      </input_file>
      <input_file id="fl-34">
         <path>C:\ti\ccs1240\ccs\tools\compiler\ti-cgt-c2000_22.6.0.LTS\lib\</path>
         <kind>archive</kind>
         <file>rts2800_ml.lib</file>
         <name>startup.c.obj</name>
      </input_file>
      <input_file id="fl-35">
         <path>C:\ti\ccs1240\ccs\tools\compiler\ti-cgt-c2000_22.6.0.LTS\lib\</path>
         <kind>archive</kind>
         <file>rts2800_ml.lib</file>
         <name>exit.c.obj</name>
      </input_file>
      <input_file id="fl-36">
         <path>C:\ti\ccs1240\ccs\tools\compiler\ti-cgt-c2000_22.6.0.LTS\lib\</path>
         <kind>archive</kind>
         <file>rts2800_ml.lib</file>
         <name>_lock.c.obj</name>
      </input_file>
      <input_file id="fl-37">
         <path>C:\ti\ccs1240\ccs\tools\compiler\ti-cgt-c2000_22.6.0.LTS\lib\</path>
         <kind>archive</kind>
         <file>rts2800_ml.lib</file>
         <name>args_main.c.obj</name>
      </input_file>
      <input_file id="fl-38">
         <path>C:\ti\ccs1240\ccs\tools\compiler\ti-cgt-c2000_22.6.0.LTS\lib\</path>
         <kind>archive</kind>
         <file>rts2800_ml.lib</file>
         <name>memset.c.obj</name>
      </input_file>
      <input_file id="fl-39">
         <path>..\..\lib\</path>
         <kind>archive</kind>
         <file>IQmath.lib</file>
         <name>IQ16div.obj</name>
      </input_file>
      <input_file id="fl-3a">
         <path>..\..\lib\</path>
         <kind>archive</kind>
         <file>IQmath.lib</file>
         <name>IQ1div.obj</name>
      </input_file>
      <input_file id="fl-3b">
         <path>..\..\lib\</path>
         <kind>archive</kind>
         <file>IQmath.lib</file>
         <name>IQ22div.obj</name>
      </input_file>
      <input_file id="fl-3c">
         <path>..\..\lib\</path>
         <kind>archive</kind>
         <file>IQmath.lib</file>
         <name>IQ24div.obj</name>
      </input_file>
      <input_file id="fl-3d">
         <path>..\..\lib\</path>
         <kind>archive</kind>
         <file>IQmath.lib</file>
         <name>IQ24rsmpy.obj</name>
      </input_file>
      <input_file id="fl-3e">
         <path>..\..\lib\</path>
         <kind>archive</kind>
         <file>IQmath.lib</file>
         <name>IQ30div.obj</name>
      </input_file>
      <input_file id="fl-3f">
         <path>..\..\lib\</path>
         <kind>archive</kind>
         <file>IQmath.lib</file>
         <name>IQmathTables.obj</name>
      </input_file>
   </input_file_list>
   <object_component_list>
      <object_component id="oc-102">
         <name>.cinit</name>
         <load_address>0x3f5bfa</load_address>
         <run_address>0x3f5bfa</run_address>
         <size>0x88</size>
         <input_file_ref idref="fl-18"/>
      </object_component>
      <object_component id="oc-b0">
         <name>.cinit</name>
         <load_address>0x3f5c82</load_address>
         <run_address>0x3f5c82</run_address>
         <size>0x10</size>
         <input_file_ref idref="fl-e"/>
      </object_component>
      <object_component id="oc-10e">
         <name>.cinit</name>
         <load_address>0x3f5c92</load_address>
         <run_address>0x3f5c92</run_address>
         <size>0xf</size>
         <input_file_ref idref="fl-1a"/>
      </object_component>
      <object_component id="oc-49">
         <name>.cinit</name>
         <load_address>0x3f5ca1</load_address>
         <run_address>0x3f5ca1</run_address>
         <size>0xe</size>
         <input_file_ref idref="fl-5"/>
      </object_component>
      <object_component id="oc-143">
         <name>.cinit</name>
         <load_address>0x3f5caf</load_address>
         <run_address>0x3f5caf</run_address>
         <size>0xe</size>
         <input_file_ref idref="fl-35"/>
      </object_component>
      <object_component id="oc-38">
         <name>.cinit</name>
         <load_address>0x3f5cbd</load_address>
         <run_address>0x3f5cbd</run_address>
         <size>0xc</size>
         <input_file_ref idref="fl-2"/>
      </object_component>
      <object_component id="oc-182">
         <name>.cinit:_tsensX</name>
         <load_address>0x3f5cc9</load_address>
         <run_address>0x3f5cc9</run_address>
         <size>0x8</size>
         <input_file_ref idref="fl-18"/>
      </object_component>
      <object_component id="oc-184">
         <name>.cinit:_tsensY</name>
         <load_address>0x3f5cd1</load_address>
         <run_address>0x3f5cd1</run_address>
         <size>0x8</size>
         <input_file_ref idref="fl-18"/>
      </object_component>
      <object_component id="oc-50">
         <name>.cinit</name>
         <load_address>0x3f5cd9</load_address>
         <run_address>0x3f5cd9</run_address>
         <size>0x8</size>
         <input_file_ref idref="fl-6"/>
      </object_component>
      <object_component id="oc-16d">
         <name>.cinit:__lock</name>
         <load_address>0x3f5ce1</load_address>
         <run_address>0x3f5ce1</run_address>
         <size>0x5</size>
         <input_file_ref idref="fl-36"/>
      </object_component>
      <object_component id="oc-17d">
         <name>.cinit:__unlock</name>
         <load_address>0x3f5ce6</load_address>
         <run_address>0x3f5ce6</run_address>
         <size>0x5</size>
         <input_file_ref idref="fl-36"/>
      </object_component>
      <object_component id="oc-19a">
         <name>.text:_AT24X_Update</name>
         <load_address>0x3f4000</load_address>
         <run_address>0x3f4000</run_address>
         <size>0x1c1</size>
         <input_file_ref idref="fl-4"/>
      </object_component>
      <object_component id="oc-19c">
         <name>.text:_TempControl</name>
         <load_address>0x3f41c1</load_address>
         <run_address>0x3f41c1</run_address>
         <size>0x177</size>
         <input_file_ref idref="fl-18"/>
      </object_component>
      <object_component id="oc-1c0">
         <name>.text:_AdcConversion</name>
         <load_address>0x3f4338</load_address>
         <run_address>0x3f4338</run_address>
         <size>0x150</size>
         <input_file_ref idref="fl-9"/>
      </object_component>
      <object_component id="oc-52">
         <name>.text:_NetCommRxIsrHandler</name>
         <load_address>0x3f4488</load_address>
         <run_address>0x3f4488</run_address>
         <size>0xdf</size>
         <input_file_ref idref="fl-6"/>
      </object_component>
      <object_component id="oc-199">
         <name>.text:_I2C_update</name>
         <load_address>0x3f4567</load_address>
         <run_address>0x3f4567</run_address>
         <size>0xd3</size>
         <input_file_ref idref="fl-e"/>
      </object_component>
      <object_component id="oc-1bd">
         <name>.text:_AdcInterp</name>
         <load_address>0x3f463a</load_address>
         <run_address>0x3f463a</run_address>
         <size>0xc3</size>
         <input_file_ref idref="fl-18"/>
      </object_component>
      <object_component id="oc-19f">
         <name>.text:_UpdateSensors</name>
         <load_address>0x3f46fd</load_address>
         <run_address>0x3f46fd</run_address>
         <size>0x83</size>
         <input_file_ref idref="fl-18"/>
      </object_component>
      <object_component id="oc-11f">
         <name>.text</name>
         <load_address>0x3f4780</load_address>
         <run_address>0x3f4780</run_address>
         <size>0x83</size>
         <input_file_ref idref="fl-2e"/>
      </object_component>
      <object_component id="oc-176">
         <name>.text:_InterfaceInit</name>
         <load_address>0x3f4803</load_address>
         <run_address>0x3f4803</run_address>
         <size>0x7b</size>
         <input_file_ref idref="fl-18"/>
      </object_component>
      <object_component id="oc-11a">
         <name>.text</name>
         <load_address>0x3f487e</load_address>
         <run_address>0x3f487e</run_address>
         <size>0x78</size>
         <input_file_ref idref="fl-2d"/>
      </object_component>
      <object_component id="oc-17b">
         <name>.text:_InterfaceUpdate</name>
         <load_address>0x3f48f6</load_address>
         <run_address>0x3f48f6</run_address>
         <size>0x77</size>
         <input_file_ref idref="fl-18"/>
      </object_component>
      <object_component id="oc-1af">
         <name>.text:_AdcChanSelect</name>
         <load_address>0x3f496d</load_address>
         <run_address>0x3f496d</run_address>
         <size>0x75</size>
         <input_file_ref idref="fl-9"/>
      </object_component>
      <object_component id="oc-1a5">
         <name>.text:_ApFilter3Calc</name>
         <load_address>0x3f49e2</load_address>
         <run_address>0x3f49e2</run_address>
         <size>0x71</size>
         <input_file_ref idref="fl-17"/>
      </object_component>
      <object_component id="oc-1a6">
         <name>.text:_CoolingControl</name>
         <load_address>0x3f4a53</load_address>
         <run_address>0x3f4a53</run_address>
         <size>0x67</size>
         <input_file_ref idref="fl-18"/>
      </object_component>
      <object_component id="oc-189">
         <name>.text:_InitUserGpio</name>
         <load_address>0x3f4aba</load_address>
         <run_address>0x3f4aba</run_address>
         <size>0x66</size>
         <input_file_ref idref="fl-1a"/>
      </object_component>
      <object_component id="oc-1b6">
         <name>.text:_AT24X_Read</name>
         <load_address>0x3f4b20</load_address>
         <run_address>0x3f4b20</run_address>
         <size>0x65</size>
         <input_file_ref idref="fl-4"/>
      </object_component>
      <object_component id="oc-19d">
         <name>.text:_ADS1256_Update</name>
         <load_address>0x3f4b85</load_address>
         <run_address>0x3f4b85</run_address>
         <size>0x5c</size>
         <input_file_ref idref="fl-2"/>
      </object_component>
      <object_component id="oc-193">
         <name>.text:_ADS1256_Init</name>
         <load_address>0x3f4be1</load_address>
         <run_address>0x3f4be1</run_address>
         <size>0x58</size>
         <input_file_ref idref="fl-2"/>
      </object_component>
      <object_component id="oc-1aa">
         <name>.text:_InitPll</name>
         <load_address>0x3f4c39</load_address>
         <run_address>0x3f4c39</run_address>
         <size>0x54</size>
         <input_file_ref idref="fl-13"/>
      </object_component>
      <object_component id="oc-19e">
         <name>.text:_LIR_158A_02_Update</name>
         <load_address>0x3f4c8d</load_address>
         <run_address>0x3f4c8d</run_address>
         <size>0x54</size>
         <input_file_ref idref="fl-5"/>
      </object_component>
      <object_component id="oc-36">
         <name>.text</name>
         <load_address>0x3f4ce1</load_address>
         <run_address>0x3f4ce1</run_address>
         <size>0x54</size>
         <input_file_ref idref="fl-2c"/>
      </object_component>
      <object_component id="oc-196">
         <name>.text:_ReadParams</name>
         <load_address>0x3f4d35</load_address>
         <run_address>0x3f4d35</run_address>
         <size>0x52</size>
         <input_file_ref idref="fl-18"/>
      </object_component>
      <object_component id="oc-175">
         <name>.text:_InitHardware</name>
         <load_address>0x3f4d87</load_address>
         <run_address>0x3f4d87</run_address>
         <size>0x42</size>
         <input_file_ref idref="fl-1a"/>
      </object_component>
      <object_component id="oc-168">
         <name>.text:_async_wrap</name>
         <load_address>0x3f4dc9</load_address>
         <run_address>0x3f4dc9</run_address>
         <size>0x41</size>
         <input_file_ref idref="fl-8"/>
      </object_component>
      <object_component id="oc-18f">
         <name>.text:_InitUserAdc</name>
         <load_address>0x3f4e0a</load_address>
         <run_address>0x3f4e0a</run_address>
         <size>0x3f</size>
         <input_file_ref idref="fl-1a"/>
      </object_component>
      <object_component id="oc-1a4">
         <name>.text:_AdcFiltrate</name>
         <load_address>0x3f4e49</load_address>
         <run_address>0x3f4e49</run_address>
         <size>0x3c</size>
         <input_file_ref idref="fl-18"/>
      </object_component>
      <object_component id="oc-19b">
         <name>.text:_ADT75_Update</name>
         <load_address>0x3f4e85</load_address>
         <run_address>0x3f4e85</run_address>
         <size>0x38</size>
         <input_file_ref idref="fl-3"/>
      </object_component>
      <object_component id="oc-197">
         <name>.text:_SCI_init</name>
         <load_address>0x3f4ebd</load_address>
         <run_address>0x3f4ebd</run_address>
         <size>0x38</size>
         <input_file_ref idref="fl-11"/>
      </object_component>
      <object_component id="oc-1b1">
         <name>.text:_SPI_init</name>
         <load_address>0x3f4ef5</load_address>
         <run_address>0x3f4ef5</run_address>
         <size>0x36</size>
         <input_file_ref idref="fl-12"/>
      </object_component>
      <object_component id="oc-1b5">
         <name>.text:_I2C_reset</name>
         <load_address>0x3f4f2b</load_address>
         <run_address>0x3f4f2b</run_address>
         <size>0x33</size>
         <input_file_ref idref="fl-e"/>
      </object_component>
      <object_component id="oc-53">
         <name>.text:_NetCommTxIsrHandler</name>
         <load_address>0x3f4f5e</load_address>
         <run_address>0x3f4f5e</run_address>
         <size>0x32</size>
         <input_file_ref idref="fl-6"/>
      </object_component>
      <object_component id="oc-1ab">
         <name>.text:_InitPeripheralClocks</name>
         <load_address>0x3f4f90</load_address>
         <run_address>0x3f4f90</run_address>
         <size>0x31</size>
         <input_file_ref idref="fl-13"/>
      </object_component>
      <object_component id="oc-17a">
         <name>.text:_NetCommUpdate</name>
         <load_address>0x3f4fc1</load_address>
         <run_address>0x3f4fc1</run_address>
         <size>0x31</size>
         <input_file_ref idref="fl-6"/>
      </object_component>
      <object_component id="oc-1b7">
         <name>.text:_AT24X_Func</name>
         <load_address>0x3f4ff2</load_address>
         <run_address>0x3f4ff2</run_address>
         <size>0x2e</size>
         <input_file_ref idref="fl-4"/>
      </object_component>
      <object_component id="oc-194">
         <name>.text:_ApFilter3Init</name>
         <load_address>0x3f5020</load_address>
         <run_address>0x3f5020</run_address>
         <size>0x2e</size>
         <input_file_ref idref="fl-17"/>
      </object_component>
      <object_component id="oc-177">
         <name>.text:_NetCommInit</name>
         <load_address>0x3f504e</load_address>
         <run_address>0x3f504e</run_address>
         <size>0x2e</size>
         <input_file_ref idref="fl-6"/>
      </object_component>
      <object_component id="oc-171">
         <name>.text:_async_unwrap_other</name>
         <load_address>0x3f507c</load_address>
         <run_address>0x3f507c</run_address>
         <size>0x2b</size>
         <input_file_ref idref="fl-8"/>
      </object_component>
      <object_component id="oc-1bb">
         <name>.text:_readData</name>
         <load_address>0x3f50a7</load_address>
         <run_address>0x3f50a7</run_address>
         <size>0x2a</size>
         <input_file_ref idref="fl-2"/>
      </object_component>
      <object_component id="oc-179">
         <name>.text:_SystemTickUpdate</name>
         <load_address>0x3f50d1</load_address>
         <run_address>0x3f50d1</run_address>
         <size>0x29</size>
         <input_file_ref idref="fl-1a"/>
      </object_component>
      <object_component id="oc-163">
         <name>.text</name>
         <load_address>0x3f50fa</load_address>
         <run_address>0x3f50fa</run_address>
         <size>0x29</size>
         <input_file_ref idref="fl-35"/>
      </object_component>
      <object_component id="oc-1c1">
         <name>.text:_ChangeCoolingSignalDuty</name>
         <load_address>0x3f5123</load_address>
         <run_address>0x3f5123</run_address>
         <size>0x28</size>
         <input_file_ref idref="fl-18"/>
      </object_component>
      <object_component id="oc-190">
         <name>.text:_I2C_init</name>
         <load_address>0x3f514b</load_address>
         <run_address>0x3f514b</run_address>
         <size>0x28</size>
         <input_file_ref idref="fl-e"/>
      </object_component>
      <object_component id="oc-1ae">
         <name>.text:_AdcOffsetSelfCal</name>
         <load_address>0x3f5173</load_address>
         <run_address>0x3f5173</run_address>
         <size>0x27</size>
         <input_file_ref idref="fl-9"/>
      </object_component>
      <object_component id="oc-18e">
         <name>.text:_InitPieVectTable</name>
         <load_address>0x3f519a</load_address>
         <run_address>0x3f519a</run_address>
         <size>0x26</size>
         <input_file_ref idref="fl-10"/>
      </object_component>
      <object_component id="oc-167">
         <name>.text:_WriteReg</name>
         <load_address>0x3f51c0</load_address>
         <run_address>0x3f51c0</run_address>
         <size>0x25</size>
         <input_file_ref idref="fl-18"/>
      </object_component>
      <object_component id="oc-173">
         <name>.text:_stuff_byte</name>
         <load_address>0x3f51e5</load_address>
         <run_address>0x3f51e5</run_address>
         <size>0x25</size>
         <input_file_ref idref="fl-8"/>
      </object_component>
      <object_component id="oc-165">
         <name>.text:_ReadReg</name>
         <load_address>0x3f520a</load_address>
         <run_address>0x3f520a</run_address>
         <size>0x24</size>
         <input_file_ref idref="fl-18"/>
      </object_component>
      <object_component id="oc-160">
         <name>.text</name>
         <load_address>0x3f522e</load_address>
         <run_address>0x3f522e</run_address>
         <size>0x24</size>
         <input_file_ref idref="fl-31"/>
      </object_component>
      <object_component id="oc-191">
         <name>.text:_ConfigCpuTimer</name>
         <load_address>0x3f5252</load_address>
         <run_address>0x3f5252</run_address>
         <size>0x1f</size>
         <input_file_ref idref="fl-b"/>
      </object_component>
      <object_component id="oc-18d">
         <name>.text:_InitPieCtrl</name>
         <load_address>0x3f5271</load_address>
         <run_address>0x3f5271</run_address>
         <size>0x1f</size>
         <input_file_ref idref="fl-f"/>
      </object_component>
      <object_component id="oc-1b4">
         <name>.text:_readReg</name>
         <load_address>0x3f5290</load_address>
         <run_address>0x3f5290</run_address>
         <size>0x1f</size>
         <input_file_ref idref="fl-2"/>
      </object_component>
      <object_component id="oc-1ad">
         <name>.text:_InitAdc</name>
         <load_address>0x3f52af</load_address>
         <run_address>0x3f52af</run_address>
         <size>0x1e</size>
         <input_file_ref idref="fl-9"/>
      </object_component>
      <object_component id="oc-18a">
         <name>.text:_InitSpiaGpio</name>
         <load_address>0x3f52cd</load_address>
         <run_address>0x3f52cd</run_address>
         <size>0x1e</size>
         <input_file_ref idref="fl-12"/>
      </object_component>
      <object_component id="oc-1a2">
         <name>.text:_LedBlink</name>
         <load_address>0x3f52eb</load_address>
         <run_address>0x3f52eb</run_address>
         <size>0x1e</size>
         <input_file_ref idref="fl-18"/>
      </object_component>
      <object_component id="oc-124">
         <name>.text</name>
         <load_address>0x3f5309</load_address>
         <run_address>0x3f5309</run_address>
         <size>0x1d</size>
         <input_file_ref idref="fl-2f"/>
      </object_component>
      <object_component id="oc-16a">
         <name>.text</name>
         <load_address>0x3f5326</load_address>
         <run_address>0x3f5326</run_address>
         <size>0x1d</size>
         <input_file_ref idref="fl-32"/>
      </object_component>
      <object_component id="oc-170">
         <name>.text:_async_unwrap_eof</name>
         <load_address>0x3f5343</load_address>
         <run_address>0x3f5343</run_address>
         <size>0x1c</size>
         <input_file_ref idref="fl-8"/>
      </object_component>
      <object_component id="oc-195">
         <name>.text:_ApFilter3Reset</name>
         <load_address>0x3f535f</load_address>
         <run_address>0x3f535f</run_address>
         <size>0x1b</size>
         <input_file_ref idref="fl-17"/>
      </object_component>
      <object_component id="oc-1a9">
         <name>.text:_XtalOscSel</name>
         <load_address>0x3f537a</load_address>
         <run_address>0x3f537a</run_address>
         <size>0x1b</size>
         <input_file_ref idref="fl-13"/>
      </object_component>
      <object_component id="oc-1b2">
         <name>.text:_writeReg</name>
         <load_address>0x3f5395</load_address>
         <run_address>0x3f5395</run_address>
         <size>0x1b</size>
         <input_file_ref idref="fl-2"/>
      </object_component>
      <object_component id="oc-18c">
         <name>.text:_InitI2CGpio</name>
         <load_address>0x3f53b0</load_address>
         <run_address>0x3f53b0</run_address>
         <size>0x1a</size>
         <input_file_ref idref="fl-e"/>
      </object_component>
      <object_component id="oc-186">
         <name>.text:_InitSysCtrl</name>
         <load_address>0x3f53ca</load_address>
         <run_address>0x3f53ca</run_address>
         <size>0x1a</size>
         <input_file_ref idref="fl-13"/>
      </object_component>
      <object_component id="oc-164">
         <name>.text:_async_unwrap_char</name>
         <load_address>0x3f53e4</load_address>
         <run_address>0x3f53e4</run_address>
         <size>0x19</size>
         <input_file_ref idref="fl-8"/>
      </object_component>
      <object_component id="oc-16f">
         <name>.text:_async_unwrap_bof</name>
         <load_address>0x3f53fd</load_address>
         <run_address>0x3f53fd</run_address>
         <size>0x18</size>
         <input_file_ref idref="fl-8"/>
      </object_component>
      <object_component id="oc-18b">
         <name>.text:_InitSciaGpio</name>
         <load_address>0x3f5415</load_address>
         <run_address>0x3f5415</run_address>
         <size>0x16</size>
         <input_file_ref idref="fl-11"/>
      </object_component>
      <object_component id="oc-198">
         <name>.text:_WriteParams</name>
         <load_address>0x3f542b</load_address>
         <run_address>0x3f542b</run_address>
         <size>0x16</size>
         <input_file_ref idref="fl-18"/>
      </object_component>
      <object_component id="oc-1a1">
         <name>.text:_AT24X_Timer</name>
         <load_address>0x3f5441</load_address>
         <run_address>0x3f5441</run_address>
         <size>0x15</size>
         <input_file_ref idref="fl-4"/>
      </object_component>
      <object_component id="oc-169">
         <name>.text:_EnableRecieve</name>
         <load_address>0x3f5456</load_address>
         <run_address>0x3f5456</run_address>
         <size>0x15</size>
         <input_file_ref idref="fl-6"/>
      </object_component>
      <object_component id="oc-16e">
         <name>.text:_async_unwrap_ce</name>
         <load_address>0x3f546b</load_address>
         <run_address>0x3f546b</run_address>
         <size>0x15</size>
         <input_file_ref idref="fl-8"/>
      </object_component>
      <object_component id="oc-188">
         <name>.text:_InitGpio</name>
         <load_address>0x3f5480</load_address>
         <run_address>0x3f5480</run_address>
         <size>0x13</size>
         <input_file_ref idref="fl-d"/>
      </object_component>
      <object_component id="oc-1b8">
         <name>.text:_ResetFifo</name>
         <load_address>0x3f5493</load_address>
         <run_address>0x3f5493</run_address>
         <size>0x13</size>
         <input_file_ref idref="fl-e"/>
      </object_component>
      <object_component id="oc-1ba">
         <name>.text:_TempInput</name>
         <load_address>0x3f54a6</load_address>
         <run_address>0x3f54a6</run_address>
         <size>0x13</size>
         <input_file_ref idref="fl-18"/>
      </object_component>
      <object_component id="oc-1b3">
         <name>.text:_writeCommand</name>
         <load_address>0x3f54b9</load_address>
         <run_address>0x3f54b9</run_address>
         <size>0x13</size>
         <input_file_ref idref="fl-2"/>
      </object_component>
      <object_component id="oc-129">
         <name>.text</name>
         <load_address>0x3f54cc</load_address>
         <run_address>0x3f54cc</run_address>
         <size>0x13</size>
         <input_file_ref idref="fl-30"/>
      </object_component>
      <object_component id="oc-1b9">
         <name>.text:_InitHeatGpio</name>
         <load_address>0x3f54df</load_address>
         <run_address>0x3f54df</run_address>
         <size>0x12</size>
         <input_file_ref idref="fl-1a"/>
      </object_component>
      <object_component id="oc-1bc">
         <name>.text:_SPI_send</name>
         <load_address>0x3f54f1</load_address>
         <run_address>0x3f54f1</run_address>
         <size>0x11</size>
         <input_file_ref idref="fl-12"/>
      </object_component>
      <object_component id="oc-162">
         <name>.text</name>
         <load_address>0x3f5502</load_address>
         <run_address>0x3f5502</run_address>
         <size>0x11</size>
         <input_file_ref idref="fl-37"/>
      </object_component>
      <object_component id="oc-16b">
         <name>.text:_main</name>
         <load_address>0x3f5513</load_address>
         <run_address>0x3f5513</run_address>
         <size>0xf</size>
         <input_file_ref idref="fl-19"/>
      </object_component>
      <object_component id="oc-1a3">
         <name>.text:_TempTimer</name>
         <load_address>0x3f5522</load_address>
         <run_address>0x3f5522</run_address>
         <size>0xe</size>
         <input_file_ref idref="fl-18"/>
      </object_component>
      <object_component id="oc-174">
         <name>.text:_calc_fcs</name>
         <load_address>0x3f5530</load_address>
         <run_address>0x3f5530</run_address>
         <size>0xe</size>
         <input_file_ref idref="fl-7"/>
      </object_component>
      <object_component id="oc-1a0">
         <name>.text:_I2C_Timer</name>
         <load_address>0x3f553e</load_address>
         <run_address>0x3f553e</run_address>
         <size>0xa</size>
         <input_file_ref idref="fl-e"/>
      </object_component>
      <object_component id="oc-178">
         <name>.text:_EnableInterrupts</name>
         <load_address>0x3f5548</load_address>
         <run_address>0x3f5548</run_address>
         <size>0x9</size>
         <input_file_ref idref="fl-f"/>
      </object_component>
      <object_component id="oc-17c">
         <name>.text</name>
         <load_address>0x3f5551</load_address>
         <run_address>0x3f5551</run_address>
         <size>0x9</size>
         <input_file_ref idref="fl-36"/>
      </object_component>
      <object_component id="oc-1a8">
         <name>.text:_DisableDog</name>
         <load_address>0x3f555a</load_address>
         <run_address>0x3f555a</run_address>
         <size>0x8</size>
         <input_file_ref idref="fl-13"/>
      </object_component>
      <object_component id="oc-67">
         <name>.text</name>
         <load_address>0x3f5562</load_address>
         <run_address>0x3f5562</run_address>
         <size>0x8</size>
         <input_file_ref idref="fl-a"/>
      </object_component>
      <object_component id="oc-192">
         <name>.text</name>
         <load_address>0x3f556a</load_address>
         <run_address>0x3f556a</run_address>
         <size>0x7</size>
         <input_file_ref idref="fl-38"/>
      </object_component>
      <object_component id="oc-86">
         <name>.text:_ADCINT1_ISR</name>
         <load_address>0x3f5571</load_address>
         <run_address>0x3f5571</run_address>
         <size>0x5</size>
         <input_file_ref idref="fl-c"/>
      </object_component>
      <object_component id="oc-87">
         <name>.text:_ADCINT2_ISR</name>
         <load_address>0x3f5576</load_address>
         <run_address>0x3f5576</run_address>
         <size>0x5</size>
         <input_file_ref idref="fl-c"/>
      </object_component>
      <object_component id="oc-9c">
         <name>.text:_ADCINT3_ISR</name>
         <load_address>0x3f557b</load_address>
         <run_address>0x3f557b</run_address>
         <size>0x5</size>
         <input_file_ref idref="fl-c"/>
      </object_component>
      <object_component id="oc-9d">
         <name>.text:_ADCINT4_ISR</name>
         <load_address>0x3f5580</load_address>
         <run_address>0x3f5580</run_address>
         <size>0x5</size>
         <input_file_ref idref="fl-c"/>
      </object_component>
      <object_component id="oc-9e">
         <name>.text:_ADCINT5_ISR</name>
         <load_address>0x3f5585</load_address>
         <run_address>0x3f5585</run_address>
         <size>0x5</size>
         <input_file_ref idref="fl-c"/>
      </object_component>
      <object_component id="oc-9f">
         <name>.text:_ADCINT6_ISR</name>
         <load_address>0x3f558a</load_address>
         <run_address>0x3f558a</run_address>
         <size>0x5</size>
         <input_file_ref idref="fl-c"/>
      </object_component>
      <object_component id="oc-a0">
         <name>.text:_ADCINT7_ISR</name>
         <load_address>0x3f558f</load_address>
         <run_address>0x3f558f</run_address>
         <size>0x5</size>
         <input_file_ref idref="fl-c"/>
      </object_component>
      <object_component id="oc-a1">
         <name>.text:_ADCINT8_ISR</name>
         <load_address>0x3f5594</load_address>
         <run_address>0x3f5594</run_address>
         <size>0x5</size>
         <input_file_ref idref="fl-c"/>
      </object_component>
      <object_component id="oc-8a">
         <name>.text:_ADCINT9_ISR</name>
         <load_address>0x3f5599</load_address>
         <run_address>0x3f5599</run_address>
         <size>0x5</size>
         <input_file_ref idref="fl-c"/>
      </object_component>
      <object_component id="oc-75">
         <name>.text:_DATALOG_ISR</name>
         <load_address>0x3f559e</load_address>
         <run_address>0x3f559e</run_address>
         <size>0x5</size>
         <input_file_ref idref="fl-c"/>
      </object_component>
      <object_component id="oc-95">
         <name>.text:_ECAP1_INT_ISR</name>
         <load_address>0x3f55a3</load_address>
         <run_address>0x3f55a3</run_address>
         <size>0x5</size>
         <input_file_ref idref="fl-c"/>
      </object_component>
      <object_component id="oc-a3">
         <name>.text:_EMPTY_ISR</name>
         <load_address>0x3f55a8</load_address>
         <run_address>0x3f55a8</run_address>
         <size>0x5</size>
         <input_file_ref idref="fl-c"/>
      </object_component>
      <object_component id="oc-77">
         <name>.text:_EMUINT_ISR</name>
         <load_address>0x3f55ad</load_address>
         <run_address>0x3f55ad</run_address>
         <size>0x5</size>
         <input_file_ref idref="fl-c"/>
      </object_component>
      <object_component id="oc-91">
         <name>.text:_EPWM1_INT_ISR</name>
         <load_address>0x3f55b2</load_address>
         <run_address>0x3f55b2</run_address>
         <size>0x5</size>
         <input_file_ref idref="fl-c"/>
      </object_component>
      <object_component id="oc-8d">
         <name>.text:_EPWM1_TZINT_ISR</name>
         <load_address>0x3f55b7</load_address>
         <run_address>0x3f55b7</run_address>
         <size>0x5</size>
         <input_file_ref idref="fl-c"/>
      </object_component>
      <object_component id="oc-92">
         <name>.text:_EPWM2_INT_ISR</name>
         <load_address>0x3f55bc</load_address>
         <run_address>0x3f55bc</run_address>
         <size>0x5</size>
         <input_file_ref idref="fl-c"/>
      </object_component>
      <object_component id="oc-8e">
         <name>.text:_EPWM2_TZINT_ISR</name>
         <load_address>0x3f55c1</load_address>
         <run_address>0x3f55c1</run_address>
         <size>0x5</size>
         <input_file_ref idref="fl-c"/>
      </object_component>
      <object_component id="oc-93">
         <name>.text:_EPWM3_INT_ISR</name>
         <load_address>0x3f55c6</load_address>
         <run_address>0x3f55c6</run_address>
         <size>0x5</size>
         <input_file_ref idref="fl-c"/>
      </object_component>
      <object_component id="oc-8f">
         <name>.text:_EPWM3_TZINT_ISR</name>
         <load_address>0x3f55cb</load_address>
         <run_address>0x3f55cb</run_address>
         <size>0x5</size>
         <input_file_ref idref="fl-c"/>
      </object_component>
      <object_component id="oc-94">
         <name>.text:_EPWM4_INT_ISR</name>
         <load_address>0x3f55d0</load_address>
         <run_address>0x3f55d0</run_address>
         <size>0x5</size>
         <input_file_ref idref="fl-c"/>
      </object_component>
      <object_component id="oc-90">
         <name>.text:_EPWM4_TZINT_ISR</name>
         <load_address>0x3f55d5</load_address>
         <run_address>0x3f55d5</run_address>
         <size>0x5</size>
         <input_file_ref idref="fl-c"/>
      </object_component>
      <object_component id="oc-98">
         <name>.text:_I2CINT1A_ISR</name>
         <load_address>0x3f55da</load_address>
         <run_address>0x3f55da</run_address>
         <size>0x5</size>
         <input_file_ref idref="fl-c"/>
      </object_component>
      <object_component id="oc-99">
         <name>.text:_I2CINT2A_ISR</name>
         <load_address>0x3f55df</load_address>
         <run_address>0x3f55df</run_address>
         <size>0x5</size>
         <input_file_ref idref="fl-c"/>
      </object_component>
      <object_component id="oc-79">
         <name>.text:_ILLEGAL_ISR</name>
         <load_address>0x3f55e4</load_address>
         <run_address>0x3f55e4</run_address>
         <size>0x5</size>
         <input_file_ref idref="fl-c"/>
      </object_component>
      <object_component id="oc-73">
         <name>.text:_INT13_ISR</name>
         <load_address>0x3f55e9</load_address>
         <run_address>0x3f55e9</run_address>
         <size>0x5</size>
         <input_file_ref idref="fl-c"/>
      </object_component>
      <object_component id="oc-74">
         <name>.text:_INT14_ISR</name>
         <load_address>0x3f55ee</load_address>
         <run_address>0x3f55ee</run_address>
         <size>0x5</size>
         <input_file_ref idref="fl-c"/>
      </object_component>
      <object_component id="oc-78">
         <name>.text:_NMI_ISR</name>
         <load_address>0x3f55f3</load_address>
         <run_address>0x3f55f3</run_address>
         <size>0x5</size>
         <input_file_ref idref="fl-c"/>
      </object_component>
      <object_component id="oc-a4">
         <name>.text:_PIE_RESERVED</name>
         <load_address>0x3f55f8</load_address>
         <run_address>0x3f55f8</run_address>
         <size>0x5</size>
         <input_file_ref idref="fl-c"/>
      </object_component>
      <object_component id="oc-76">
         <name>.text:_RTOSINT_ISR</name>
         <load_address>0x3f55fd</load_address>
         <run_address>0x3f55fd</run_address>
         <size>0x5</size>
         <input_file_ref idref="fl-c"/>
      </object_component>
      <object_component id="oc-9a">
         <name>.text:_SCIRXINTA_ISR</name>
         <load_address>0x3f5602</load_address>
         <run_address>0x3f5602</run_address>
         <size>0x5</size>
         <input_file_ref idref="fl-c"/>
      </object_component>
      <object_component id="oc-9b">
         <name>.text:_SCITXINTA_ISR</name>
         <load_address>0x3f5607</load_address>
         <run_address>0x3f5607</run_address>
         <size>0x5</size>
         <input_file_ref idref="fl-c"/>
      </object_component>
      <object_component id="oc-96">
         <name>.text:_SPIRXINTA_ISR</name>
         <load_address>0x3f560c</load_address>
         <run_address>0x3f560c</run_address>
         <size>0x5</size>
         <input_file_ref idref="fl-c"/>
      </object_component>
      <object_component id="oc-97">
         <name>.text:_SPITXINTA_ISR</name>
         <load_address>0x3f5611</load_address>
         <run_address>0x3f5611</run_address>
         <size>0x5</size>
         <input_file_ref idref="fl-c"/>
      </object_component>
      <object_component id="oc-8b">
         <name>.text:_TINT0_ISR</name>
         <load_address>0x3f5616</load_address>
         <run_address>0x3f5616</run_address>
         <size>0x5</size>
         <input_file_ref idref="fl-c"/>
      </object_component>
      <object_component id="oc-83">
         <name>.text:_USER10_ISR</name>
         <load_address>0x3f561b</load_address>
         <run_address>0x3f561b</run_address>
         <size>0x5</size>
         <input_file_ref idref="fl-c"/>
      </object_component>
      <object_component id="oc-84">
         <name>.text:_USER11_ISR</name>
         <load_address>0x3f5620</load_address>
         <run_address>0x3f5620</run_address>
         <size>0x5</size>
         <input_file_ref idref="fl-c"/>
      </object_component>
      <object_component id="oc-85">
         <name>.text:_USER12_ISR</name>
         <load_address>0x3f5625</load_address>
         <run_address>0x3f5625</run_address>
         <size>0x5</size>
         <input_file_ref idref="fl-c"/>
      </object_component>
      <object_component id="oc-7a">
         <name>.text:_USER1_ISR</name>
         <load_address>0x3f562a</load_address>
         <run_address>0x3f562a</run_address>
         <size>0x5</size>
         <input_file_ref idref="fl-c"/>
      </object_component>
      <object_component id="oc-7b">
         <name>.text:_USER2_ISR</name>
         <load_address>0x3f562f</load_address>
         <run_address>0x3f562f</run_address>
         <size>0x5</size>
         <input_file_ref idref="fl-c"/>
      </object_component>
      <object_component id="oc-7c">
         <name>.text:_USER3_ISR</name>
         <load_address>0x3f5634</load_address>
         <run_address>0x3f5634</run_address>
         <size>0x5</size>
         <input_file_ref idref="fl-c"/>
      </object_component>
      <object_component id="oc-7d">
         <name>.text:_USER4_ISR</name>
         <load_address>0x3f5639</load_address>
         <run_address>0x3f5639</run_address>
         <size>0x5</size>
         <input_file_ref idref="fl-c"/>
      </object_component>
      <object_component id="oc-7e">
         <name>.text:_USER5_ISR</name>
         <load_address>0x3f563e</load_address>
         <run_address>0x3f563e</run_address>
         <size>0x5</size>
         <input_file_ref idref="fl-c"/>
      </object_component>
      <object_component id="oc-7f">
         <name>.text:_USER6_ISR</name>
         <load_address>0x3f5643</load_address>
         <run_address>0x3f5643</run_address>
         <size>0x5</size>
         <input_file_ref idref="fl-c"/>
      </object_component>
      <object_component id="oc-80">
         <name>.text:_USER7_ISR</name>
         <load_address>0x3f5648</load_address>
         <run_address>0x3f5648</run_address>
         <size>0x5</size>
         <input_file_ref idref="fl-c"/>
      </object_component>
      <object_component id="oc-81">
         <name>.text:_USER8_ISR</name>
         <load_address>0x3f564d</load_address>
         <run_address>0x3f564d</run_address>
         <size>0x5</size>
         <input_file_ref idref="fl-c"/>
      </object_component>
      <object_component id="oc-82">
         <name>.text:_USER9_ISR</name>
         <load_address>0x3f5652</load_address>
         <run_address>0x3f5652</run_address>
         <size>0x5</size>
         <input_file_ref idref="fl-c"/>
      </object_component>
      <object_component id="oc-8c">
         <name>.text:_WAKEINT_ISR</name>
         <load_address>0x3f5657</load_address>
         <run_address>0x3f5657</run_address>
         <size>0x5</size>
         <input_file_ref idref="fl-c"/>
      </object_component>
      <object_component id="oc-88">
         <name>.text:_XINT1_ISR</name>
         <load_address>0x3f565c</load_address>
         <run_address>0x3f565c</run_address>
         <size>0x5</size>
         <input_file_ref idref="fl-c"/>
      </object_component>
      <object_component id="oc-89">
         <name>.text:_XINT2_ISR</name>
         <load_address>0x3f5661</load_address>
         <run_address>0x3f5661</run_address>
         <size>0x5</size>
         <input_file_ref idref="fl-c"/>
      </object_component>
      <object_component id="oc-a2">
         <name>.text:_XINT3_ISR</name>
         <load_address>0x3f5666</load_address>
         <run_address>0x3f5666</run_address>
         <size>0x5</size>
         <input_file_ref idref="fl-c"/>
      </object_component>
      <object_component id="oc-a5">
         <name>.text:_rsvd_ISR</name>
         <load_address>0x3f566b</load_address>
         <run_address>0x3f566b</run_address>
         <size>0x5</size>
         <input_file_ref idref="fl-c"/>
      </object_component>
      <object_component id="oc-1be">
         <name>.text:_CoolingDown</name>
         <load_address>0x3f5670</load_address>
         <run_address>0x3f5670</run_address>
         <size>0x4</size>
         <input_file_ref idref="fl-18"/>
      </object_component>
      <object_component id="oc-1bf">
         <name>.text:_CoolingUp</name>
         <load_address>0x3f5674</load_address>
         <run_address>0x3f5674</run_address>
         <size>0x4</size>
         <input_file_ref idref="fl-18"/>
      </object_component>
      <object_component id="oc-15f">
         <name>.text</name>
         <load_address>0x3f5678</load_address>
         <run_address>0x3f5678</run_address>
         <size>0x2</size>
         <input_file_ref idref="fl-33"/>
      </object_component>
      <object_component id="oc-161">
         <name>.text</name>
         <load_address>0x3f567a</load_address>
         <run_address>0x3f567a</run_address>
         <size>0x1</size>
         <input_file_ref idref="fl-34"/>
      </object_component>
      <object_component id="oc-68">
         <name>codestart</name>
         <load_address>0x3f7ff6</load_address>
         <run_address>0x3f7ff6</run_address>
         <size>0x2</size>
         <input_file_ref idref="fl-a"/>
      </object_component>
      <object_component id="oc-187">
         <name>ramfuncs:_InitFlash</name>
         <load_address>0x3f567b</load_address>
         <run_address>0x8000</run_address>
         <size>0x1b</size>
         <input_file_ref idref="fl-13"/>
      </object_component>
      <object_component id="oc-d4">
         <name>ramfuncs</name>
         <load_address>0x3f5696</load_address>
         <run_address>0x801b</run_address>
         <size>0x4</size>
         <input_file_ref idref="fl-15"/>
      </object_component>
      <object_component id="oc-114">
         <name>.stack</name>
         <uninitialized>true</uninitialized>
         <run_address>0x50</run_address>
         <size>0x0</size>
         <input_file_ref idref="fl-2c"/>
      </object_component>
      <object_component id="oc-1ff">
         <name>.stack</name>
         <uninitialized>true</uninitialized>
         <run_address>0x50</run_address>
         <size>0x0</size>
      </object_component>
      <object_component id="oc-1b0">
         <name>.ebss:_ads1256_chan</name>
         <uninitialized>true</uninitialized>
         <run_address>0x8bdf</run_address>
         <size>0x1</size>
         <input_file_ref idref="fl-2"/>
      </object_component>
      <object_component id="oc-39">
         <name>.ebss</name>
         <uninitialized>true</uninitialized>
         <run_address>0x8bdc</run_address>
         <size>0x3</size>
         <input_file_ref idref="fl-2"/>
      </object_component>
      <object_component id="oc-17e">
         <name>.ebss:_ads1256_data</name>
         <uninitialized>true</uninitialized>
         <run_address>0x8a86</run_address>
         <size>0x14</size>
         <input_file_ref idref="fl-2"/>
      </object_component>
      <object_component id="oc-4a">
         <name>.ebss</name>
         <uninitialized>true</uninitialized>
         <run_address>0x8aa4</run_address>
         <size>0x6</size>
         <input_file_ref idref="fl-5"/>
      </object_component>
      <object_component id="oc-51">
         <name>.ebss</name>
         <uninitialized>true</uninitialized>
         <run_address>0x8800</run_address>
         <size>0x286</size>
         <input_file_ref idref="fl-6"/>
      </object_component>
      <object_component id="oc-166">
         <name>.ebss:_buf$1</name>
         <uninitialized>true</uninitialized>
         <run_address>0x8a9a</run_address>
         <size>0xa</size>
         <input_file_ref idref="fl-6"/>
      </object_component>
      <object_component id="oc-b1">
         <name>.ebss</name>
         <uninitialized>true</uninitialized>
         <run_address>0x8bd8</run_address>
         <size>0x4</size>
         <input_file_ref idref="fl-e"/>
      </object_component>
      <object_component id="oc-103">
         <name>.ebss</name>
         <uninitialized>true</uninitialized>
         <run_address>0x8c00</run_address>
         <size>0x96</size>
         <input_file_ref idref="fl-18"/>
      </object_component>
      <object_component id="oc-181">
         <name>.ebss:_tsensX</name>
         <uninitialized>true</uninitialized>
         <run_address>0x8ab6</run_address>
         <size>0x5</size>
         <input_file_ref idref="fl-18"/>
      </object_component>
      <object_component id="oc-183">
         <name>.ebss:_tsensY</name>
         <uninitialized>true</uninitialized>
         <run_address>0x8abb</run_address>
         <size>0x5</size>
         <input_file_ref idref="fl-18"/>
      </object_component>
      <object_component id="oc-180">
         <name>.ebss:_adc_f</name>
         <uninitialized>true</uninitialized>
         <run_address>0x8cc0</run_address>
         <size>0x58</size>
         <input_file_ref idref="fl-18"/>
      </object_component>
      <object_component id="oc-17f">
         <name>.ebss:_adc_values</name>
         <uninitialized>true</uninitialized>
         <run_address>0x8ac0</run_address>
         <size>0x118</size>
         <input_file_ref idref="fl-18"/>
      </object_component>
      <object_component id="oc-10f">
         <name>.ebss</name>
         <uninitialized>true</uninitialized>
         <run_address>0x8ab0</run_address>
         <size>0x6</size>
         <input_file_ref idref="fl-1a"/>
      </object_component>
      <object_component id="oc-144">
         <name>.ebss</name>
         <uninitialized>true</uninitialized>
         <run_address>0x8aaa</run_address>
         <size>0x6</size>
         <input_file_ref idref="fl-35"/>
      </object_component>
      <object_component id="oc-16c">
         <name>.ebss:__lock</name>
         <uninitialized>true</uninitialized>
         <run_address>0x8be0</run_address>
         <size>0x2</size>
         <input_file_ref idref="fl-36"/>
      </object_component>
      <object_component id="oc-1a7">
         <name>.ebss:__unlock</name>
         <uninitialized>true</uninitialized>
         <run_address>0x8be2</run_address>
         <size>0x2</size>
         <input_file_ref idref="fl-36"/>
      </object_component>
      <object_component id="oc-172">
         <name>.econst:_params</name>
         <load_address>0x3f569a</load_address>
         <run_address>0x3f569a</run_address>
         <size>0x1e8</size>
         <input_file_ref idref="fl-18"/>
      </object_component>
      <object_component id="oc-1ac">
         <name>.econst:_PieVectTableInit</name>
         <load_address>0x3f5882</load_address>
         <run_address>0x3f5882</run_address>
         <size>0x100</size>
         <input_file_ref idref="fl-10"/>
      </object_component>
      <object_component id="oc-185">
         <name>.econst:_crc16_table</name>
         <load_address>0x3f5982</load_address>
         <run_address>0x3f5982</run_address>
         <size>0x100</size>
         <input_file_ref idref="fl-7"/>
      </object_component>
      <object_component id="oc-158">
         <name>IQmath</name>
         <load_address>0x3f5a82</load_address>
         <run_address>0x3f5a82</run_address>
         <size>0x47</size>
         <input_file_ref idref="fl-39"/>
      </object_component>
      <object_component id="oc-159">
         <name>IQmath</name>
         <load_address>0x3f5ac9</load_address>
         <run_address>0x3f5ac9</run_address>
         <size>0x47</size>
         <input_file_ref idref="fl-3a"/>
      </object_component>
      <object_component id="oc-15a">
         <name>IQmath</name>
         <load_address>0x3f5b10</load_address>
         <run_address>0x3f5b10</run_address>
         <size>0x47</size>
         <input_file_ref idref="fl-3b"/>
      </object_component>
      <object_component id="oc-15b">
         <name>IQmath</name>
         <load_address>0x3f5b57</load_address>
         <run_address>0x3f5b57</run_address>
         <size>0x47</size>
         <input_file_ref idref="fl-3c"/>
      </object_component>
      <object_component id="oc-15d">
         <name>IQmath</name>
         <load_address>0x3f5b9e</load_address>
         <run_address>0x3f5b9e</run_address>
         <size>0x47</size>
         <input_file_ref idref="fl-3e"/>
      </object_component>
      <object_component id="oc-15c">
         <name>IQmath</name>
         <load_address>0x3f5be5</load_address>
         <run_address>0x3f5be5</run_address>
         <size>0x15</size>
         <input_file_ref idref="fl-3d"/>
      </object_component>
      <object_component id="oc-15e">
         <name>IQmathTables</name>
         <load_address>0x3fe000</load_address>
         <run_address>0x3fe000</run_address>
         <size>0xb50</size>
         <input_file_ref idref="fl-3f"/>
      </object_component>
      <object_component id="oc-115">
         <name>.reset</name>
         <load_address>0x3fffc0</load_address>
         <run_address>0x3fffc0</run_address>
         <size>0x2</size>
         <input_file_ref idref="fl-2c"/>
      </object_component>
      <object_component id="oc-fa">
         <name>PieVectTableFile</name>
         <uninitialized>true</uninitialized>
         <run_address>0xd00</run_address>
         <size>0x100</size>
         <input_file_ref idref="fl-16"/>
      </object_component>
      <object_component id="oc-db">
         <name>EmuKeyVar</name>
         <uninitialized>true</uninitialized>
         <run_address>0xd00</run_address>
         <size>0x1</size>
         <input_file_ref idref="fl-16"/>
      </object_component>
      <object_component id="oc-dc">
         <name>EmuBModeVar</name>
         <uninitialized>true</uninitialized>
         <run_address>0xd01</run_address>
         <size>0x1</size>
         <input_file_ref idref="fl-16"/>
      </object_component>
      <object_component id="oc-de">
         <name>FlashCallbackVar</name>
         <uninitialized>true</uninitialized>
         <run_address>0xd02</run_address>
         <size>0x2</size>
         <input_file_ref idref="fl-16"/>
      </object_component>
      <object_component id="oc-dd">
         <name>FlashScalingVar</name>
         <uninitialized>true</uninitialized>
         <run_address>0xd04</run_address>
         <size>0x2</size>
         <input_file_ref idref="fl-16"/>
      </object_component>
      <object_component id="oc-e0">
         <name>DevEmuRegsFile</name>
         <uninitialized>true</uninitialized>
         <run_address>0x880</run_address>
         <size>0x4</size>
         <input_file_ref idref="fl-16"/>
      </object_component>
      <object_component id="oc-df">
         <name>SysPwrCtrlRegsFile</name>
         <uninitialized>true</uninitialized>
         <run_address>0x985</run_address>
         <size>0x3</size>
         <input_file_ref idref="fl-16"/>
      </object_component>
      <object_component id="oc-e5">
         <name>FlashRegsFile</name>
         <uninitialized>true</uninitialized>
         <run_address>0xa80</run_address>
         <size>0x8</size>
         <input_file_ref idref="fl-16"/>
      </object_component>
      <object_component id="oc-e7">
         <name>CsmRegsFile</name>
         <uninitialized>true</uninitialized>
         <run_address>0xae0</run_address>
         <size>0x10</size>
         <input_file_ref idref="fl-16"/>
      </object_component>
      <object_component id="oc-f0">
         <name>AdcResultFile</name>
         <uninitialized>true</uninitialized>
         <run_address>0xb00</run_address>
         <size>0x20</size>
         <input_file_ref idref="fl-16"/>
      </object_component>
      <object_component id="oc-e1">
         <name>CpuTimer0RegsFile</name>
         <uninitialized>true</uninitialized>
         <run_address>0xc00</run_address>
         <size>0x8</size>
         <input_file_ref idref="fl-16"/>
      </object_component>
      <object_component id="oc-e2">
         <name>CpuTimer1RegsFile</name>
         <uninitialized>true</uninitialized>
         <run_address>0xc08</run_address>
         <size>0x8</size>
         <input_file_ref idref="fl-16"/>
      </object_component>
      <object_component id="oc-e3">
         <name>CpuTimer2RegsFile</name>
         <uninitialized>true</uninitialized>
         <run_address>0xc10</run_address>
         <size>0x8</size>
         <input_file_ref idref="fl-16"/>
      </object_component>
      <object_component id="oc-ee">
         <name>PieCtrlRegsFile</name>
         <uninitialized>true</uninitialized>
         <run_address>0xce0</run_address>
         <size>0x1a</size>
         <input_file_ref idref="fl-16"/>
      </object_component>
      <object_component id="oc-f1">
         <name>ECap1RegsFile</name>
         <uninitialized>true</uninitialized>
         <run_address>0x6a00</run_address>
         <size>0x20</size>
         <input_file_ref idref="fl-16"/>
      </object_component>
      <object_component id="oc-f8">
         <name>GpioCtrlRegsFile</name>
         <uninitialized>true</uninitialized>
         <run_address>0x6f80</run_address>
         <size>0x40</size>
         <input_file_ref idref="fl-16"/>
      </object_component>
      <object_component id="oc-f2">
         <name>GpioDataRegsFile</name>
         <uninitialized>true</uninitialized>
         <run_address>0x6fc0</run_address>
         <size>0x20</size>
         <input_file_ref idref="fl-16"/>
      </object_component>
      <object_component id="oc-e6">
         <name>GpioIntRegsFile</name>
         <uninitialized>true</uninitialized>
         <run_address>0x6fe0</run_address>
         <size>0xa</size>
         <input_file_ref idref="fl-16"/>
      </object_component>
      <object_component id="oc-ef">
         <name>SysCtrlRegsFile</name>
         <uninitialized>true</uninitialized>
         <run_address>0x7010</run_address>
         <size>0x1f</size>
         <input_file_ref idref="fl-16"/>
      </object_component>
      <object_component id="oc-ea">
         <name>SpiaRegsFile</name>
         <uninitialized>true</uninitialized>
         <run_address>0x7040</run_address>
         <size>0x10</size>
         <input_file_ref idref="fl-16"/>
      </object_component>
      <object_component id="oc-e9">
         <name>SciaRegsFile</name>
         <uninitialized>true</uninitialized>
         <run_address>0x7050</run_address>
         <size>0x10</size>
         <input_file_ref idref="fl-16"/>
      </object_component>
      <object_component id="oc-e8">
         <name>NmiIntruptRegsFile</name>
         <uninitialized>true</uninitialized>
         <run_address>0x7060</run_address>
         <size>0x10</size>
         <input_file_ref idref="fl-16"/>
      </object_component>
      <object_component id="oc-eb">
         <name>XIntruptRegsFile</name>
         <uninitialized>true</uninitialized>
         <run_address>0x7070</run_address>
         <size>0x10</size>
         <input_file_ref idref="fl-16"/>
      </object_component>
      <object_component id="oc-f9">
         <name>AdcRegsFile</name>
         <uninitialized>true</uninitialized>
         <run_address>0x7100</run_address>
         <size>0x51</size>
         <input_file_ref idref="fl-16"/>
      </object_component>
      <object_component id="oc-f3">
         <name>I2caRegsFile</name>
         <uninitialized>true</uninitialized>
         <run_address>0x7900</run_address>
         <size>0x22</size>
         <input_file_ref idref="fl-16"/>
      </object_component>
      <object_component id="oc-ec">
         <name>Comp1RegsFile</name>
         <uninitialized>true</uninitialized>
         <run_address>0x6400</run_address>
         <size>0x11</size>
         <input_file_ref idref="fl-16"/>
      </object_component>
      <object_component id="oc-ed">
         <name>Comp2RegsFile</name>
         <uninitialized>true</uninitialized>
         <run_address>0x6420</run_address>
         <size>0x11</size>
         <input_file_ref idref="fl-16"/>
      </object_component>
      <object_component id="oc-f4">
         <name>EPwm1RegsFile</name>
         <uninitialized>true</uninitialized>
         <run_address>0x6800</run_address>
         <size>0x40</size>
         <input_file_ref idref="fl-16"/>
      </object_component>
      <object_component id="oc-f5">
         <name>EPwm2RegsFile</name>
         <uninitialized>true</uninitialized>
         <run_address>0x6840</run_address>
         <size>0x40</size>
         <input_file_ref idref="fl-16"/>
      </object_component>
      <object_component id="oc-f6">
         <name>EPwm3RegsFile</name>
         <uninitialized>true</uninitialized>
         <run_address>0x6880</run_address>
         <size>0x40</size>
         <input_file_ref idref="fl-16"/>
      </object_component>
      <object_component id="oc-f7">
         <name>EPwm4RegsFile</name>
         <uninitialized>true</uninitialized>
         <run_address>0x68c0</run_address>
         <size>0x40</size>
         <input_file_ref idref="fl-16"/>
      </object_component>
      <object_component id="oc-e4">
         <name>CsmPwlFile</name>
         <uninitialized>true</uninitialized>
         <run_address>0x3f7ff8</run_address>
         <size>0x8</size>
         <input_file_ref idref="fl-16"/>
      </object_component>
      <object_component id="oc-da">
         <name>PartIdRegsFile</name>
         <uninitialized>true</uninitialized>
         <run_address>0x3d7fff</run_address>
         <size>0x1</size>
         <input_file_ref idref="fl-16"/>
      </object_component>
      <object_component id="oc-37">
         <name>.debug_info</name>
         <load_address>0x0</load_address>
         <run_address>0x0</run_address>
         <size>0x15ab</size>
         <input_file_ref idref="fl-2"/>
      </object_component>
      <object_component id="oc-3e">
         <name>.debug_info</name>
         <load_address>0x15ab</load_address>
         <run_address>0x15ab</run_address>
         <size>0x537</size>
         <input_file_ref idref="fl-3"/>
      </object_component>
      <object_component id="oc-43">
         <name>.debug_info</name>
         <load_address>0x1ae2</load_address>
         <run_address>0x1ae2</run_address>
         <size>0xb6c</size>
         <input_file_ref idref="fl-4"/>
      </object_component>
      <object_component id="oc-48">
         <name>.debug_info</name>
         <load_address>0x264e</load_address>
         <run_address>0x264e</run_address>
         <size>0xe1e</size>
         <input_file_ref idref="fl-5"/>
      </object_component>
      <object_component id="oc-4f">
         <name>.debug_info</name>
         <load_address>0x346c</load_address>
         <run_address>0x346c</run_address>
         <size>0x3385</size>
         <input_file_ref idref="fl-6"/>
      </object_component>
      <object_component id="oc-58">
         <name>.debug_info</name>
         <load_address>0x67f1</load_address>
         <run_address>0x67f1</run_address>
         <size>0x424</size>
         <input_file_ref idref="fl-7"/>
      </object_component>
      <object_component id="oc-5d">
         <name>.debug_info</name>
         <load_address>0x6c15</load_address>
         <run_address>0x6c15</run_address>
         <size>0xbeb</size>
         <input_file_ref idref="fl-8"/>
      </object_component>
      <object_component id="oc-62">
         <name>.debug_info</name>
         <load_address>0x7800</load_address>
         <run_address>0x7800</run_address>
         <size>0x422f</size>
         <input_file_ref idref="fl-9"/>
      </object_component>
      <object_component id="oc-6a">
         <name>.debug_info</name>
         <load_address>0xba2f</load_address>
         <run_address>0xba2f</run_address>
         <size>0x1f3</size>
         <input_file_ref idref="fl-a"/>
      </object_component>
      <object_component id="oc-6d">
         <name>.debug_info</name>
         <load_address>0xbc22</load_address>
         <run_address>0xbc22</run_address>
         <size>0x82b</size>
         <input_file_ref idref="fl-b"/>
      </object_component>
      <object_component id="oc-72">
         <name>.debug_info</name>
         <load_address>0xc44d</load_address>
         <run_address>0xc44d</run_address>
         <size>0x2fb1</size>
         <input_file_ref idref="fl-c"/>
      </object_component>
      <object_component id="oc-aa">
         <name>.debug_info</name>
         <load_address>0xf3fe</load_address>
         <run_address>0xf3fe</run_address>
         <size>0x14c8</size>
         <input_file_ref idref="fl-d"/>
      </object_component>
      <object_component id="oc-af">
         <name>.debug_info</name>
         <load_address>0x108c6</load_address>
         <run_address>0x108c6</run_address>
         <size>0x27f5</size>
         <input_file_ref idref="fl-e"/>
      </object_component>
      <object_component id="oc-b6">
         <name>.debug_info</name>
         <load_address>0x130bb</load_address>
         <run_address>0x130bb</run_address>
         <size>0xc0c</size>
         <input_file_ref idref="fl-f"/>
      </object_component>
      <object_component id="oc-bb">
         <name>.debug_info</name>
         <load_address>0x13cc7</load_address>
         <run_address>0x13cc7</run_address>
         <size>0x1f80</size>
         <input_file_ref idref="fl-10"/>
      </object_component>
      <object_component id="oc-c0">
         <name>.debug_info</name>
         <load_address>0x15c47</load_address>
         <run_address>0x15c47</run_address>
         <size>0x20ec</size>
         <input_file_ref idref="fl-11"/>
      </object_component>
      <object_component id="oc-c5">
         <name>.debug_info</name>
         <load_address>0x17d33</load_address>
         <run_address>0x17d33</run_address>
         <size>0x1fb4</size>
         <input_file_ref idref="fl-12"/>
      </object_component>
      <object_component id="oc-ca">
         <name>.debug_info</name>
         <load_address>0x19ce7</load_address>
         <run_address>0x19ce7</run_address>
         <size>0x30b1</size>
         <input_file_ref idref="fl-13"/>
      </object_component>
      <object_component id="oc-cf">
         <name>.debug_info</name>
         <load_address>0x1cd98</load_address>
         <run_address>0x1cd98</run_address>
         <size>0x324</size>
         <input_file_ref idref="fl-14"/>
      </object_component>
      <object_component id="oc-d6">
         <name>.debug_info</name>
         <load_address>0x1d0bc</load_address>
         <run_address>0x1d0bc</run_address>
         <size>0x17a</size>
         <input_file_ref idref="fl-15"/>
      </object_component>
      <object_component id="oc-d9">
         <name>.debug_info</name>
         <load_address>0x1d236</load_address>
         <run_address>0x1d236</run_address>
         <size>0xb10d</size>
         <input_file_ref idref="fl-16"/>
      </object_component>
      <object_component id="oc-fc">
         <name>.debug_info</name>
         <load_address>0x28343</load_address>
         <run_address>0x28343</run_address>
         <size>0x70f</size>
         <input_file_ref idref="fl-17"/>
      </object_component>
      <object_component id="oc-101">
         <name>.debug_info</name>
         <load_address>0x28a52</load_address>
         <run_address>0x28a52</run_address>
         <size>0x51fe</size>
         <input_file_ref idref="fl-18"/>
      </object_component>
      <object_component id="oc-108">
         <name>.debug_info</name>
         <load_address>0x2dc50</load_address>
         <run_address>0x2dc50</run_address>
         <size>0x50e</size>
         <input_file_ref idref="fl-19"/>
      </object_component>
      <object_component id="oc-10d">
         <name>.debug_info</name>
         <load_address>0x2e15e</load_address>
         <run_address>0x2e15e</run_address>
         <size>0x5a28</size>
         <input_file_ref idref="fl-1a"/>
      </object_component>
      <object_component id="oc-116">
         <name>.debug_info</name>
         <load_address>0x33b86</load_address>
         <run_address>0x33b86</run_address>
         <size>0x173</size>
         <input_file_ref idref="fl-2c"/>
      </object_component>
      <object_component id="oc-11b">
         <name>.debug_info</name>
         <load_address>0x33cf9</load_address>
         <run_address>0x33cf9</run_address>
         <size>0x114</size>
         <input_file_ref idref="fl-2d"/>
      </object_component>
      <object_component id="oc-120">
         <name>.debug_info</name>
         <load_address>0x33e0d</load_address>
         <run_address>0x33e0d</run_address>
         <size>0x114</size>
         <input_file_ref idref="fl-2e"/>
      </object_component>
      <object_component id="oc-125">
         <name>.debug_info</name>
         <load_address>0x33f21</load_address>
         <run_address>0x33f21</run_address>
         <size>0x120</size>
         <input_file_ref idref="fl-2f"/>
      </object_component>
      <object_component id="oc-12a">
         <name>.debug_info</name>
         <load_address>0x34041</load_address>
         <run_address>0x34041</run_address>
         <size>0x11b</size>
         <input_file_ref idref="fl-30"/>
      </object_component>
      <object_component id="oc-12e">
         <name>.debug_info</name>
         <load_address>0x3415c</load_address>
         <run_address>0x3415c</run_address>
         <size>0x4fa</size>
         <input_file_ref idref="fl-31"/>
      </object_component>
      <object_component id="oc-133">
         <name>.debug_info</name>
         <load_address>0x34656</load_address>
         <run_address>0x34656</run_address>
         <size>0x3d3</size>
         <input_file_ref idref="fl-32"/>
      </object_component>
      <object_component id="oc-138">
         <name>.debug_info</name>
         <load_address>0x34a29</load_address>
         <run_address>0x34a29</run_address>
         <size>0x346</size>
         <input_file_ref idref="fl-33"/>
      </object_component>
      <object_component id="oc-13d">
         <name>.debug_info</name>
         <load_address>0x34d6f</load_address>
         <run_address>0x34d6f</run_address>
         <size>0x343</size>
         <input_file_ref idref="fl-34"/>
      </object_component>
      <object_component id="oc-142">
         <name>.debug_info</name>
         <load_address>0x350b2</load_address>
         <run_address>0x350b2</run_address>
         <size>0x4dd</size>
         <input_file_ref idref="fl-35"/>
      </object_component>
      <object_component id="oc-149">
         <name>.debug_info</name>
         <load_address>0x3558f</load_address>
         <run_address>0x3558f</run_address>
         <size>0x465</size>
         <input_file_ref idref="fl-36"/>
      </object_component>
      <object_component id="oc-14e">
         <name>.debug_info</name>
         <load_address>0x359f4</load_address>
         <run_address>0x359f4</run_address>
         <size>0x3ee</size>
         <input_file_ref idref="fl-37"/>
      </object_component>
      <object_component id="oc-153">
         <name>.debug_info</name>
         <load_address>0x35de2</load_address>
         <run_address>0x35de2</run_address>
         <size>0x49b</size>
         <input_file_ref idref="fl-38"/>
      </object_component>
      <object_component id="oc-200">
         <name>.debug_info</name>
         <load_address>0x3627d</load_address>
         <run_address>0x3627d</run_address>
         <size>0xaf</size>
      </object_component>
      <object_component id="oc-3a">
         <name>.debug_frame</name>
         <load_address>0x0</load_address>
         <run_address>0x0</run_address>
         <size>0xc8</size>
         <input_file_ref idref="fl-2"/>
      </object_component>
      <object_component id="oc-3f">
         <name>.debug_frame</name>
         <load_address>0xc8</load_address>
         <run_address>0xc8</run_address>
         <size>0x3c</size>
         <input_file_ref idref="fl-3"/>
      </object_component>
      <object_component id="oc-44">
         <name>.debug_frame</name>
         <load_address>0x104</load_address>
         <run_address>0x104</run_address>
         <size>0x94</size>
         <input_file_ref idref="fl-4"/>
      </object_component>
      <object_component id="oc-4b">
         <name>.debug_frame</name>
         <load_address>0x198</load_address>
         <run_address>0x198</run_address>
         <size>0x3c</size>
         <input_file_ref idref="fl-5"/>
      </object_component>
      <object_component id="oc-54">
         <name>.debug_frame</name>
         <load_address>0x1d4</load_address>
         <run_address>0x1d4</run_address>
         <size>0x118</size>
         <input_file_ref idref="fl-6"/>
      </object_component>
      <object_component id="oc-59">
         <name>.debug_frame</name>
         <load_address>0x2ec</load_address>
         <run_address>0x2ec</run_address>
         <size>0x3c</size>
         <input_file_ref idref="fl-7"/>
      </object_component>
      <object_component id="oc-5e">
         <name>.debug_frame</name>
         <load_address>0x328</load_address>
         <run_address>0x328</run_address>
         <size>0xe4</size>
         <input_file_ref idref="fl-8"/>
      </object_component>
      <object_component id="oc-63">
         <name>.debug_frame</name>
         <load_address>0x40c</load_address>
         <run_address>0x40c</run_address>
         <size>0x90</size>
         <input_file_ref idref="fl-9"/>
      </object_component>
      <object_component id="oc-6e">
         <name>.debug_frame</name>
         <load_address>0x49c</load_address>
         <run_address>0x49c</run_address>
         <size>0x3c</size>
         <input_file_ref idref="fl-b"/>
      </object_component>
      <object_component id="oc-a6">
         <name>.debug_frame</name>
         <load_address>0x4d8</load_address>
         <run_address>0x4d8</run_address>
         <size>0x4e8</size>
         <input_file_ref idref="fl-c"/>
      </object_component>
      <object_component id="oc-ab">
         <name>.debug_frame</name>
         <load_address>0x9c0</load_address>
         <run_address>0x9c0</run_address>
         <size>0x38</size>
         <input_file_ref idref="fl-d"/>
      </object_component>
      <object_component id="oc-b2">
         <name>.debug_frame</name>
         <load_address>0x9f8</load_address>
         <run_address>0x9f8</run_address>
         <size>0xbc</size>
         <input_file_ref idref="fl-e"/>
      </object_component>
      <object_component id="oc-b7">
         <name>.debug_frame</name>
         <load_address>0xab4</load_address>
         <run_address>0xab4</run_address>
         <size>0x50</size>
         <input_file_ref idref="fl-f"/>
      </object_component>
      <object_component id="oc-bc">
         <name>.debug_frame</name>
         <load_address>0xb04</load_address>
         <run_address>0xb04</run_address>
         <size>0x3c</size>
         <input_file_ref idref="fl-10"/>
      </object_component>
      <object_component id="oc-c1">
         <name>.debug_frame</name>
         <load_address>0xb40</load_address>
         <run_address>0xb40</run_address>
         <size>0x54</size>
         <input_file_ref idref="fl-11"/>
      </object_component>
      <object_component id="oc-c6">
         <name>.debug_frame</name>
         <load_address>0xb94</load_address>
         <run_address>0xb94</run_address>
         <size>0x70</size>
         <input_file_ref idref="fl-12"/>
      </object_component>
      <object_component id="oc-cb">
         <name>.debug_frame</name>
         <load_address>0xc04</load_address>
         <run_address>0xc04</run_address>
         <size>0xb4</size>
[...]
         <name>_cooling_macro_timer</name>
         <value>0x8c20</value>
         <object_component_ref idref="oc-103"/>
      </symbol>
      <symbol id="sm-4fe">
         <name>_adc_tf</name>
         <value>0x8c1c</value>
         <object_component_ref idref="oc-103"/>
      </symbol>
      <symbol id="sm-4ff">
         <name>_adc_f</name>
         <value>0x8cc0</value>
         <object_component_ref idref="oc-180"/>
      </symbol>
      <symbol id="sm-500">
         <name>_temp_on</name>
         <value>0x8c06</value>
         <object_component_ref idref="oc-103"/>
      </symbol>
      <symbol id="sm-501">
         <name>_heating_level</name>
         <value>0x8c0c</value>
         <object_component_ref idref="oc-103"/>
      </symbol>
      <symbol id="sm-502">
         <name>_params</name>
         <value>0x3f569a</value>
         <object_component_ref idref="oc-172"/>
      </symbol>
      <symbol id="sm-503">
         <name>_cool_on</name>
         <value>0x8c0f</value>
         <object_component_ref idref="oc-103"/>
      </symbol>
      <symbol id="sm-504">
         <name>_temp_bf</name>
         <value>0x8c05</value>
         <object_component_ref idref="oc-103"/>
      </symbol>
      <symbol id="sm-505">
         <name>_temp1f</name>
         <value>0x8c40</value>
         <object_component_ref idref="oc-103"/>
      </symbol>
      <symbol id="sm-506">
         <name>_temp_bf_delta</name>
         <value>0x8c24</value>
         <object_component_ref idref="oc-103"/>
      </symbol>
      <symbol id="sm-507">
         <name>_temp2f</name>
         <value>0x8c56</value>
         <object_component_ref idref="oc-103"/>
      </symbol>
      <symbol id="sm-508">
         <name>_ReadReg</name>
         <value>0x3f520a</value>
         <object_component_ref idref="oc-165"/>
      </symbol>
      <symbol id="sm-50a">
         <name>_temp_off</name>
         <value>0x8c07</value>
         <object_component_ref idref="oc-103"/>
      </symbol>
      <symbol id="sm-50b">
         <name>_WriteReg</name>
         <value>0x3f51c0</value>
         <object_component_ref idref="oc-167"/>
      </symbol>
      <symbol id="sm-50d">
         <name>_heating_mode</name>
         <value>0x8c0b</value>
         <object_component_ref idref="oc-103"/>
      </symbol>
      <symbol id="sm-50e">
         <name>_lir_angle</name>
         <value>0x8c18</value>
         <object_component_ref idref="oc-103"/>
      </symbol>
      <symbol id="sm-50f">
         <name>_heating_int</name>
         <value>0x8c0a</value>
         <object_component_ref idref="oc-103"/>
      </symbol>
      <symbol id="sm-510">
         <name>_cooling_mode</name>
         <value>0x8c12</value>
         <object_component_ref idref="oc-103"/>
      </symbol>
      <symbol id="sm-511">
         <name>_din_states</name>
         <value>0x8c0d</value>
         <object_component_ref idref="oc-103"/>
      </symbol>
      <symbol id="sm-512">
         <name>_heating_timer</name>
         <value>0x8c1a</value>
         <object_component_ref idref="oc-103"/>
      </symbol>
      <symbol id="sm-513">
         <name>_wr_flag</name>
         <value>0x8c01</value>
         <object_component_ref idref="oc-103"/>
      </symbol>
      <symbol id="sm-514">
         <name>_spi_enable</name>
         <value>0x8c02</value>
         <object_component_ref idref="oc-103"/>
      </symbol>
      <symbol id="sm-515">
         <name>_user_temp</name>
         <value>0x8c08</value>
         <object_component_ref idref="oc-103"/>
      </symbol>
      <symbol id="sm-516">
         <name>_dev_number</name>
         <value>0x8c00</value>
         <object_component_ref idref="oc-103"/>
      </symbol>
      <symbol id="sm-517">
         <name>_Eeprom</name>
         <value>0x8c2e</value>
         <object_component_ref idref="oc-103"/>
      </symbol>
      <symbol id="sm-518">
         <name>_I2cMsg</name>
         <value>0x8c80</value>
         <object_component_ref idref="oc-103"/>
      </symbol>
      <symbol id="sm-519">
         <name>_smoothTransition</name>
         <value>0x8c15</value>
         <object_component_ref idref="oc-103"/>
      </symbol>
      <symbol id="sm-51a">
         <name>_compute_macro_periods</name>
         <value>0x8c14</value>
         <object_component_ref idref="oc-103"/>
      </symbol>
      <symbol id="sm-51b">
         <name>_Tsens</name>
         <value>0x8c28</value>
         <object_component_ref idref="oc-103"/>
      </symbol>
      <symbol id="sm-51c">
         <name>_cool_off</name>
         <value>0x8c10</value>
         <object_component_ref idref="oc-103"/>
      </symbol>
      <symbol id="sm-51d">
         <name>_adc_values</name>
         <value>0x8ac0</value>
         <object_component_ref idref="oc-17f"/>
      </symbol>
      <symbol id="sm-51e">
         <name>_dutyChangeStep</name>
         <value>0x8c22</value>
         <object_component_ref idref="oc-103"/>
      </symbol>
      <symbol id="sm-51f">
         <name>_enc_enable</name>
         <value>0x8c03</value>
         <object_component_ref idref="oc-103"/>
      </symbol>
      <symbol id="sm-520">
         <name>_temp_cpu</name>
         <value>0x8c04</value>
         <object_component_ref idref="oc-103"/>
      </symbol>
      <symbol id="sm-521">
         <name>_upd_freq</name>
         <value>0x8c0e</value>
         <object_component_ref idref="oc-103"/>
      </symbol>
      <symbol id="sm-522">
         <name>_cooling_step_timer</name>
         <value>0x8c1e</value>
         <object_component_ref idref="oc-103"/>
      </symbol>
      <symbol id="sm-523">
         <name>_cooling_level</name>
         <value>0x8c13</value>
         <object_component_ref idref="oc-103"/>
      </symbol>
      <symbol id="sm-524">
         <name>_tsensX</name>
         <value>0x8ab6</value>
         <object_component_ref idref="oc-181"/>
      </symbol>
      <symbol id="sm-525">
         <name>_tsensY</name>
         <value>0x8abb</value>
         <object_component_ref idref="oc-183"/>
      </symbol>
      <symbol id="sm-526">
         <name>_heating</name>
         <value>0x8c09</value>
         <object_component_ref idref="oc-103"/>
      </symbol>
      <symbol id="sm-527">
         <name>_cooling</name>
         <value>0x8c11</value>
         <object_component_ref idref="oc-103"/>
      </symbol>
      <symbol id="sm-534">
         <name>_main</name>
         <value>0x3f5513</value>
         <object_component_ref idref="oc-16b"/>
      </symbol>
      <symbol id="sm-551">
         <name>_InitHeatGpio</name>
         <value>0x3f54df</value>
         <object_component_ref idref="oc-1b9"/>
      </symbol>
      <symbol id="sm-553">
         <name>_system_time</name>
         <value>0x8ab0</value>
         <object_component_ref idref="oc-10f"/>
      </symbol>
      <symbol id="sm-554">
         <name>_InitHardware</name>
         <value>0x3f4d87</value>
         <object_component_ref idref="oc-175"/>
      </symbol>
      <symbol id="sm-556">
         <name>_system_20KHZ_tics_time</name>
         <value>0x8ab2</value>
         <object_component_ref idref="oc-10f"/>
      </symbol>
      <symbol id="sm-557">
         <name>_SystemTickUpdate</name>
         <value>0x3f50d1</value>
         <object_component_ref idref="oc-179"/>
      </symbol>
      <symbol id="sm-573">
         <name>_c_int00</name>
         <value>0x3f4ce1</value>
         <object_component_ref idref="oc-36"/>
      </symbol>
      <symbol id="sm-574">
         <name>__stack</name>
         <value>0x50</value>
         <object_component_ref idref="oc-114"/>
      </symbol>
      <symbol id="sm-58e">
         <name>FS$$ADD</name>
         <value>0x3f4883</value>
         <object_component_ref idref="oc-11a"/>
      </symbol>
      <symbol id="sm-58f">
         <name>FS$$SUB</name>
         <value>0x3f487e</value>
         <object_component_ref idref="oc-11a"/>
      </symbol>
      <symbol id="sm-5a0">
         <name>FS$$DIV</name>
         <value>0x3f4780</value>
         <object_component_ref idref="oc-11f"/>
      </symbol>
      <symbol id="sm-5b1">
         <name>FS$$TOU</name>
         <value>0x3f5309</value>
         <object_component_ref idref="oc-124"/>
      </symbol>
      <symbol id="sm-5c1">
         <name>UL$$TOFS</name>
         <value>0x3f54cc</value>
         <object_component_ref idref="oc-129"/>
      </symbol>
      <symbol id="sm-5d0">
         <name>_copy_in</name>
         <value>0x3f522e</value>
         <object_component_ref idref="oc-160"/>
      </symbol>
      <symbol id="sm-5e2">
         <name>_memcpy</name>
         <value>0x3f5326</value>
         <object_component_ref idref="oc-16a"/>
      </symbol>
      <symbol id="sm-5ef">
         <name>__system_pre_init</name>
         <value>0x3f5678</value>
         <object_component_ref idref="oc-15f"/>
      </symbol>
      <symbol id="sm-5fd">
         <name>__system_post_cinit</name>
         <value>0x3f567a</value>
         <object_component_ref idref="oc-161"/>
      </symbol>
      <symbol id="sm-612">
         <name>C$$EXIT</name>
         <value>0x3f50fa</value>
         <object_component_ref idref="oc-163"/>
      </symbol>
      <symbol id="sm-613">
         <name>_exit</name>
         <value>0x3f50fc</value>
         <object_component_ref idref="oc-163"/>
      </symbol>
      <symbol id="sm-615">
         <name>___TI_cleanup_ptr</name>
         <value>0x8aac</value>
         <object_component_ref idref="oc-144"/>
      </symbol>
      <symbol id="sm-616">
         <name>___TI_enable_exit_profile_output</name>
         <value>0x8aaa</value>
         <object_component_ref idref="oc-144"/>
      </symbol>
      <symbol id="sm-617">
         <name>_abort</name>
         <value>0x3f50fa</value>
         <object_component_ref idref="oc-163"/>
      </symbol>
      <symbol id="sm-619">
         <name>___TI_dtors_ptr</name>
         <value>0x8aae</value>
         <object_component_ref idref="oc-144"/>
      </symbol>
      <symbol id="sm-62d">
         <name>__unlock</name>
         <value>0x8be2</value>
         <object_component_ref idref="oc-1a7"/>
      </symbol>
      <symbol id="sm-62e">
         <name>__lock</name>
         <value>0x8be0</value>
         <object_component_ref idref="oc-16c"/>
      </symbol>
      <symbol id="sm-62f">
         <name>__register_lock</name>
         <value>0x3f5555</value>
         <object_component_ref idref="oc-17c"/>
      </symbol>
      <symbol id="sm-631">
         <name>__nop</name>
         <value>0x3f5559</value>
         <object_component_ref idref="oc-17c"/>
      </symbol>
      <symbol id="sm-633">
         <name>__register_unlock</name>
         <value>0x3f5551</value>
         <object_component_ref idref="oc-17c"/>
      </symbol>
      <symbol id="sm-643">
         <name>__args_main</name>
         <value>0x3f5502</value>
         <object_component_ref idref="oc-162"/>
      </symbol>
      <symbol id="sm-652">
         <name>_memset</name>
         <value>0x3f556a</value>
         <object_component_ref idref="oc-192"/>
      </symbol>
      <symbol id="sm-65e">
         <name>__IQ16div</name>
         <value>0x3f5a82</value>
         <object_component_ref idref="oc-158"/>
      </symbol>
      <symbol id="sm-669">
         <name>__IQ1div</name>
         <value>0x3f5ac9</value>
         <object_component_ref idref="oc-159"/>
      </symbol>
      <symbol id="sm-674">
         <name>__IQ22div</name>
         <value>0x3f5b10</value>
         <object_component_ref idref="oc-15a"/>
      </symbol>
      <symbol id="sm-67f">
         <name>__IQ24div</name>
         <value>0x3f5b57</value>
         <object_component_ref idref="oc-15b"/>
      </symbol>
      <symbol id="sm-689">
         <name>__IQ24rsmpy</name>
         <value>0x3f5be5</value>
         <object_component_ref idref="oc-15c"/>
      </symbol>
      <symbol id="sm-694">
         <name>__IQ30div</name>
         <value>0x3f5b9e</value>
         <object_component_ref idref="oc-15d"/>
      </symbol>
      <symbol id="sm-698">
         <name>_IQ16mpyRndSatTable</name>
         <value>0x3fea90</value>
         <object_component_ref idref="oc-15e"/>
      </symbol>
      <symbol id="sm-699">
         <name>_IQ24mpyRndSatTable</name>
         <value>0x3fea30</value>
         <object_component_ref idref="oc-15e"/>
      </symbol>
      <symbol id="sm-69a">
         <name>_IQ13mpyRndSatTable</name>
         <value>0x3feab4</value>
         <object_component_ref idref="oc-15e"/>
      </symbol>
      <symbol id="sm-69b">
         <name>_IQ21mpyRndSatTable</name>
         <value>0x3fea54</value>
         <object_component_ref idref="oc-15e"/>
      </symbol>
      <symbol id="sm-69c">
         <name>_IQ10mpyRndSatTable</name>
         <value>0x3fead8</value>
         <object_component_ref idref="oc-15e"/>
      </symbol>
      <symbol id="sm-69d">
         <name>_IQdivTable</name>
         <value>0x3fe510</value>
         <object_component_ref idref="oc-15e"/>
      </symbol>
      <symbol id="sm-69e">
         <name>_IQ9mpyRndSatTable</name>
         <value>0x3feae4</value>
         <object_component_ref idref="oc-15e"/>
      </symbol>
      <symbol id="sm-69f">
         <name>_IQ6mpyRndSatTable</name>
         <value>0x3feb08</value>
         <object_component_ref idref="oc-15e"/>
      </symbol>
      <symbol id="sm-6a0">
         <name>_IQatan2TableEnd</name>
         <value>0x3fe9e8</value>
         <object_component_ref idref="oc-15e"/>
      </symbol>
      <symbol id="sm-6a1">
         <name>_IQdivTableEnd</name>
         <value>0x3fe712</value>
         <object_component_ref idref="oc-15e"/>
      </symbol>
      <symbol id="sm-6a2">
         <name>_IQ29mpyRndSatTable</name>
         <value>0x3fe9f4</value>
         <object_component_ref idref="oc-15e"/>
      </symbol>
      <symbol id="sm-6a3">
         <name>_IQ3mpyRndSatTable</name>
         <value>0x3feb2c</value>
         <object_component_ref idref="oc-15e"/>
      </symbol>
      <symbol id="sm-6a4">
         <name>_IQ18mpyRndSatTable</name>
         <value>0x3fea78</value>
         <object_component_ref idref="oc-15e"/>
      </symbol>
      <symbol id="sm-6a5">
         <name>_IQ26mpyRndSatTable</name>
         <value>0x3fea18</value>
         <object_component_ref idref="oc-15e"/>
      </symbol>
      <symbol id="sm-6a6">
         <name>_IQcosTableEnd</name>
         <value>0x3fe502</value>
         <object_component_ref idref="oc-15e"/>
      </symbol>
      <symbol id="sm-6a7">
         <name>_IQsinTableEnd</name>
         <value>0x3fe400</value>
         <object_component_ref idref="oc-15e"/>
      </symbol>
      <symbol id="sm-6a8">
         <name>_IQ15mpyRndSatTable</name>
         <value>0x3fea9c</value>
         <object_component_ref idref="oc-15e"/>
      </symbol>
      <symbol id="sm-6a9">
         <name>_IQ23mpyRndSatTable</name>
         <value>0x3fea3c</value>
         <object_component_ref idref="oc-15e"/>
      </symbol>
      <symbol id="sm-6aa">
         <name>_IQ12mpyRndSatTable</name>
         <value>0x3feac0</value>
         <object_component_ref idref="oc-15e"/>
      </symbol>
      <symbol id="sm-6ab">
         <name>_IQ20mpyRndSatTable</name>
         <value>0x3fea60</value>
         <object_component_ref idref="oc-15e"/>
      </symbol>
      <symbol id="sm-6ac">
         <name>_IQisqrtTableEnd</name>
         <value>0x3fe824</value>
         <object_component_ref idref="oc-15e"/>
      </symbol>
      <symbol id="sm-6ad">
         <name>_IQ8mpyRndSatTable</name>
         <value>0x3feaf0</value>
         <object_component_ref idref="oc-15e"/>
      </symbol>
      <symbol id="sm-6ae">
         <name>_IQisqrtRoundSatTable</name>
         <value>0x3fe712</value>
         <object_component_ref idref="oc-15e"/>
      </symbol>
      <symbol id="sm-6af">
         <name>_IQ5mpyRndSatTable</name>
         <value>0x3feb14</value>
         <object_component_ref idref="oc-15e"/>
      </symbol>
      <symbol id="sm-6b0">
         <name>_IQmpyRndSatTable</name>
         <value>0x3fe9e8</value>
         <object_component_ref idref="oc-15e"/>
      </symbol>
      <symbol id="sm-6b1">
         <name>_IQ28mpyRndSatTable</name>
         <value>0x3fea00</value>
         <object_component_ref idref="oc-15e"/>
      </symbol>
      <symbol id="sm-6b2">
         <name>_IQatan2Table</name>
         <value>0x3fe862</value>
         <object_component_ref idref="oc-15e"/>
      </symbol>
      <symbol id="sm-6b3">
         <name>_IQ2mpyRndSatTable</name>
         <value>0x3feb38</value>
         <object_component_ref idref="oc-15e"/>
      </symbol>
      <symbol id="sm-6b4">
         <name>_IQatan2HalfPITable</name>
         <value>0x3fe824</value>
         <object_component_ref idref="oc-15e"/>
      </symbol>
      <symbol id="sm-6b5">
         <name>_IQ17mpyRndSatTable</name>
         <value>0x3fea84</value>
         <object_component_ref idref="oc-15e"/>
      </symbol>
      <symbol id="sm-6b6">
         <name>_IQ25mpyRndSatTable</name>
         <value>0x3fea24</value>
         <object_component_ref idref="oc-15e"/>
      </symbol>
      <symbol id="sm-6b7">
         <name>_IQsqrtTable</name>
         <value>0x3fe722</value>
         <object_component_ref idref="oc-15e"/>
      </symbol>
      <symbol id="sm-6b8">
         <name>_IQsqrtTableEnd</name>
         <value>0x3fe824</value>
         <object_component_ref idref="oc-15e"/>
      </symbol>
      <symbol id="sm-6b9">
         <name>_IQ14mpyRndSatTable</name>
         <value>0x3feaa8</value>
         <object_component_ref idref="oc-15e"/>
      </symbol>
      <symbol id="sm-6ba">
         <name>_IQ22mpyRndSatTable</name>
         <value>0x3fea48</value>
         <object_component_ref idref="oc-15e"/>
      </symbol>
      <symbol id="sm-6bb">
         <name>_IQ30mpyRndSatTable</name>
         <value>0x3fe9e8</value>
         <object_component_ref idref="oc-15e"/>
      </symbol>
      <symbol id="sm-6bc">
         <name>_IQsqrtRoundSatTable</name>
         <value>0x3fe712</value>
         <object_component_ref idref="oc-15e"/>
      </symbol>
      <symbol id="sm-6bd">
         <name>_IQ11mpyRndSatTable</name>
         <value>0x3feacc</value>
         <object_component_ref idref="oc-15e"/>
      </symbol>
      <symbol id="sm-6be">
         <name>_IQdivRoundSatTable</name>
         <value>0x3fe502</value>
         <object_component_ref idref="oc-15e"/>
      </symbol>
      <symbol id="sm-6bf">
         <name>_IQ7mpyRndSatTable</name>
         <value>0x3feafc</value>
         <object_component_ref idref="oc-15e"/>
      </symbol>
      <symbol id="sm-6c0">
         <name>_IQcosTable</name>
         <value>0x3fe100</value>
         <object_component_ref idref="oc-15e"/>
      </symbol>
      <symbol id="sm-6c1">
         <name>_IQisqrtTable</name>
         <value>0x3fe722</value>
         <object_component_ref idref="oc-15e"/>
      </symbol>
      <symbol id="sm-6c2">
         <name>_IQ4mpyRndSatTable</name>
         <value>0x3feb20</value>
         <object_component_ref idref="oc-15e"/>
      </symbol>
      <symbol id="sm-6c3">
         <name>_IQ19mpyRndSatTable</name>
         <value>0x3fea6c</value>
         <object_component_ref idref="oc-15e"/>
      </symbol>
      <symbol id="sm-6c4">
         <name>_IQ27mpyRndSatTable</name>
         <value>0x3fea0c</value>
         <object_component_ref idref="oc-15e"/>
      </symbol>
      <symbol id="sm-6c5">
         <name>_IQmpyRndSatTableEnd</name>
         <value>0x3feb50</value>
         <object_component_ref idref="oc-15e"/>
      </symbol>
      <symbol id="sm-6c6">
         <name>_IQ1mpyRndSatTable</name>
         <value>0x3feb44</value>
         <object_component_ref idref="oc-15e"/>
      </symbol>
      <symbol id="sm-6c7">
         <name>_IQsinTable</name>
         <value>0x3fe000</value>
         <object_component_ref idref="oc-15e"/>
      </symbol>
   </symbol_table>
   <title>Link successful</title>
</link_info>
