<?xml version="1.0" encoding="ISO-8859-1" ?>
<link_info>
   <banner>TMS320C2000 Linker PC v22.6.0.LTS</banner>
   <copyright>Copyright (c) 1996-2018 Texas Instruments Incorporated</copyright>
   <link_time>0x651e4378</link_time>
   <link_errors>0x0</link_errors>
   <output_file>ControlBoard.out</output_file>
   <entry_point>
      <name>_c_int00</name>
      <address>0x3f4be3</address>
   </entry_point>
   <input_file_list>
      <input_file id="fl-2">
         <path>.\drivers\</path>
         <kind>object</kind>
         <file>ads1256.obj</file>
         <name>ads1256.obj</name>
      </input_file>
      <input_file id="fl-3">
         <path>.\drivers\</path>
         <kind>object</kind>
         <file>adt75.obj</file>
         <name>adt75.obj</name>
      </input_file>
      <input_file id="fl-4">
         <path>.\drivers\</path>
         <kind>object</kind>
         <file>drv_at24x.obj</file>
         <name>drv_at24x.obj</name>
      </input_file>
      <input_file id="fl-5">
         <path>.\drivers\</path>
         <kind>object</kind>
         <file>lir_da158a_02.obj</file>
         <name>lir_da158a_02.obj</name>
      </input_file>
      <input_file id="fl-6">
         <path>.\drivers\</path>
         <kind>object</kind>
         <file>netcomm.obj</file>
         <name>netcomm.obj</name>
      </input_file>
      <input_file id="fl-7">
         <path>.\drivers\</path>
         <kind>object</kind>
         <file>netcrc.obj</file>
         <name>netcrc.obj</name>
      </input_file>
      <input_file id="fl-8">
         <path>.\drivers\</path>
         <kind>object</kind>
         <file>netwrapper.obj</file>
         <name>netwrapper.obj</name>
      </input_file>
      <input_file id="fl-9">
         <path>.\f2802x_common\</path>
         <kind>object</kind>
         <file>f2802x_adc.obj</file>
         <name>f2802x_adc.obj</name>
      </input_file>
      <input_file id="fl-a">
         <path>.\f2802x_common\</path>
         <kind>object</kind>
         <file>f2802x_codestartbranch.obj</file>
         <name>f2802x_codestartbranch.obj</name>
      </input_file>
      <input_file id="fl-b">
         <path>.\f2802x_common\</path>
         <kind>object</kind>
         <file>f2802x_cputimers.obj</file>
         <name>f2802x_cputimers.obj</name>
      </input_file>
      <input_file id="fl-c">
         <path>.\f2802x_common\</path>
         <kind>object</kind>
         <file>f2802x_defaultisr.obj</file>
         <name>f2802x_defaultisr.obj</name>
      </input_file>
      <input_file id="fl-d">
         <path>.\f2802x_common\</path>
         <kind>object</kind>
         <file>f2802x_gpio.obj</file>
         <name>f2802x_gpio.obj</name>
      </input_file>
      <input_file id="fl-e">
         <path>.\f2802x_common\</path>
         <kind>object</kind>
         <file>f2802x_i2c.obj</file>
         <name>f2802x_i2c.obj</name>
      </input_file>
      <input_file id="fl-f">
         <path>.\f2802x_common\</path>
         <kind>object</kind>
         <file>f2802x_piectrl.obj</file>
         <name>f2802x_piectrl.obj</name>
      </input_file>
      <input_file id="fl-10">
         <path>.\f2802x_common\</path>
         <kind>object</kind>
         <file>f2802x_pievect.obj</file>
         <name>f2802x_pievect.obj</name>
      </input_file>
      <input_file id="fl-11">
         <path>.\f2802x_common\</path>
         <kind>object</kind>
         <file>f2802x_sci.obj</file>
         <name>f2802x_sci.obj</name>
      </input_file>
      <input_file id="fl-12">
         <path>.\f2802x_common\</path>
         <kind>object</kind>
         <file>f2802x_spi.obj</file>
         <name>f2802x_spi.obj</name>
      </input_file>
      <input_file id="fl-13">
         <path>.\f2802x_common\</path>
         <kind>object</kind>
         <file>f2802x_sysctrl.obj</file>
         <name>f2802x_sysctrl.obj</name>
      </input_file>
      <input_file id="fl-14">
         <path>.\f2802x_common\</path>
         <kind>object</kind>
         <file>f2802x_tempsensorconv.obj</file>
         <name>f2802x_tempsensorconv.obj</name>
      </input_file>
      <input_file id="fl-15">
         <path>.\f2802x_common\</path>
         <kind>object</kind>
         <file>f2802x_usdelay.obj</file>
         <name>f2802x_usdelay.obj</name>
      </input_file>
      <input_file id="fl-16">
         <path>.\f2802x_headers\</path>
         <kind>object</kind>
         <file>F2802x_GlobalVariableDefs.obj</file>
         <name>F2802x_GlobalVariableDefs.obj</name>
      </input_file>
      <input_file id="fl-17">
         <path>.\source\</path>
         <kind>object</kind>
         <file>ApFilter3.obj</file>
         <name>ApFilter3.obj</name>
      </input_file>
      <input_file id="fl-18">
         <path>.\source\</path>
         <kind>object</kind>
         <file>interface.obj</file>
         <name>interface.obj</name>
      </input_file>
      <input_file id="fl-19">
         <path>.\source\</path>
         <kind>object</kind>
         <file>main.obj</file>
         <name>main.obj</name>
      </input_file>
      <input_file id="fl-1a">
         <path>.\source\</path>
         <kind>object</kind>
         <file>system_init.obj</file>
         <name>system_init.obj</name>
      </input_file>
      <input_file id="fl-20">
         <kind>object</kind>
         <file>&lt;internal&gt;</file>
         <name>&lt;internal&gt;</name>
      </input_file>
      <input_file id="fl-2c">
         <path>C:\ti\ccs1240\ccs\tools\compiler\ti-cgt-c2000_22.6.0.LTS\lib\</path>
         <kind>archive</kind>
         <file>rts2800_ml.lib</file>
         <name>boot28.asm.obj</name>
      </input_file>
      <input_file id="fl-2d">
         <path>C:\ti\ccs1240\ccs\tools\compiler\ti-cgt-c2000_22.6.0.LTS\lib\</path>
         <kind>archive</kind>
         <file>rts2800_ml.lib</file>
         <name>fs_add28.asm.obj</name>
      </input_file>
      <input_file id="fl-2e">
         <path>C:\ti\ccs1240\ccs\tools\compiler\ti-cgt-c2000_22.6.0.LTS\lib\</path>
         <kind>archive</kind>
         <file>rts2800_ml.lib</file>
         <name>fs_div28.asm.obj</name>
      </input_file>
      <input_file id="fl-2f">
         <path>C:\ti\ccs1240\ccs\tools\compiler\ti-cgt-c2000_22.6.0.LTS\lib\</path>
         <kind>archive</kind>
         <file>rts2800_ml.lib</file>
         <name>fs_tou28.asm.obj</name>
      </input_file>
      <input_file id="fl-30">
         <path>C:\ti\ccs1240\ccs\tools\compiler\ti-cgt-c2000_22.6.0.LTS\lib\</path>
         <kind>archive</kind>
         <file>rts2800_ml.lib</file>
         <name>ul_tofs28.asm.obj</name>
      </input_file>
      <input_file id="fl-31">
         <path>C:\ti\ccs1240\ccs\tools\compiler\ti-cgt-c2000_22.6.0.LTS\lib\</path>
         <kind>archive</kind>
         <file>rts2800_ml.lib</file>
         <name>cpy_tbl.c.obj</name>
      </input_file>
      <input_file id="fl-32">
         <path>C:\ti\ccs1240\ccs\tools\compiler\ti-cgt-c2000_22.6.0.LTS\lib\</path>
         <kind>archive</kind>
         <file>rts2800_ml.lib</file>
         <name>memcpy.c.obj</name>
      </input_file>
      <input_file id="fl-33">
         <path>C:\ti\ccs1240\ccs\tools\compiler\ti-cgt-c2000_22.6.0.LTS\lib\</path>
         <kind>archive</kind>
         <file>rts2800_ml.lib</file>
         <name>pre_init.c.obj</name>
      </input_file>
      <input_file id="fl-34">
         <path>C:\ti\ccs1240\ccs\tools\compiler\ti-cgt-c2000_22.6.0.LTS\lib\</path>
         <kind>archive</kind>
         <file>rts2800_ml.lib</file>
         <name>startup.c.obj</name>
      </input_file>
      <input_file id="fl-35">
         <path>C:\ti\ccs1240\ccs\tools\compiler\ti-cgt-c2000_22.6.0.LTS\lib\</path>
         <kind>archive</kind>
         <file>rts2800_ml.lib</file>
         <name>exit.c.obj</name>
      </input_file>
      <input_file id="fl-36">
         <path>C:\ti\ccs1240\ccs\tools\compiler\ti-cgt-c2000_22.6.0.LTS\lib\</path>
         <kind>archive</kind>
         <file>rts2800_ml.lib</file>
         <name>_lock.c.obj</name>
      </input_file>
      <input_file id="fl-37">
         <path>C:\ti\ccs1240\ccs\tools\compiler\ti-cgt-c2000_22.6.0.LTS\lib\</path>
         <kind>archive</kind>
         <file>rts2800_ml.lib</file>
         <name>args_main.c.obj</name>
      </input_file>
      <input_file id="fl-38">
         <path>C:\ti\ccs1240\ccs\tools\compiler\ti-cgt-c2000_22.6.0.LTS\lib\</path>
         <kind>archive</kind>
         <file>rts2800_ml.lib</file>
         <name>memset.c.obj</name>
      </input_file>
      <input_file id="fl-39">
         <path>..\..\lib\</path>
         <kind>archive</kind>
         <file>IQmath.lib</file>
         <name>IQ16div.obj</name>
      </input_file>
      <input_file id="fl-3a">
         <path>..\..\lib\</path>
         <kind>archive</kind>
         <file>IQmath.lib</file>
         <name>IQ1div.obj</name>
      </input_file>
      <input_file id="fl-3b">
         <path>..\..\lib\</path>
         <kind>archive</kind>
         <file>IQmath.lib</file>
         <name>IQ22div.obj</name>
      </input_file>
      <input_file id="fl-3c">
         <path>..\..\lib\</path>
         <kind>archive</kind>
         <file>IQmath.lib</file>
         <name>IQ24div.obj</name>
      </input_file>
      <input_file id="fl-3d">
         <path>..\..\lib\</path>
         <kind>archive</kind>
         <file>IQmath.lib</file>
         <name>IQ24rsmpy.obj</name>
      </input_file>
      <input_file id="fl-3e">
         <path>..\..\lib\</path>
         <kind>archive</kind>
         <file>IQmath.lib</file>
         <name>IQ30div.obj</name>
      </input_file>
      <input_file id="fl-3f">
         <path>..\..\lib\</path>
         <kind>archive</kind>
         <file>IQmath.lib</file>
         <name>IQmathTables.obj</name>
      </input_file>
   </input_file_list>
   <object_component_list>
      <object_component id="oc-102">
         <name>.cinit</name>
         <load_address>0x3f5b02</load_address>
         <run_address>0x3f5b02</run_address>
         <size>0x75</size>
         <input_file_ref idref="fl-18"/>
      </object_component>
      <object_component id="oc-b0">
         <name>.cinit</name>
         <load_address>0x3f5b77</load_address>
         <run_address>0x3f5b77</run_address>
         <size>0x10</size>
         <input_file_ref idref="fl-e"/>
      </object_component>
      <object_component id="oc-49">
         <name>.cinit</name>
         <load_address>0x3f5b87</load_address>
         <run_address>0x3f5b87</run_address>
         <size>0xe</size>
         <input_file_ref idref="fl-5"/>
      </object_component>
      <object_component id="oc-143">
         <name>.cinit</name>
         <load_address>0x3f5b95</load_address>
         <run_address>0x3f5b95</run_address>
         <size>0xe</size>
         <input_file_ref idref="fl-35"/>
      </object_component>
      <object_component id="oc-38">
         <name>.cinit</name>
         <load_address>0x3f5ba3</load_address>
         <run_address>0x3f5ba3</run_address>
         <size>0xc</size>
         <input_file_ref idref="fl-2"/>
      </object_component>
      <object_component id="oc-10e">
         <name>.cinit</name>
         <load_address>0x3f5baf</load_address>
         <run_address>0x3f5baf</run_address>
         <size>0xa</size>
         <input_file_ref idref="fl-1a"/>
      </object_component>
      <object_component id="oc-182">
         <name>.cinit:_tsensX</name>
         <load_address>0x3f5bb9</load_address>
         <run_address>0x3f5bb9</run_address>
         <size>0x8</size>
         <input_file_ref idref="fl-18"/>
      </object_component>
      <object_component id="oc-184">
         <name>.cinit:_tsensY</name>
         <load_address>0x3f5bc1</load_address>
         <run_address>0x3f5bc1</run_address>
         <size>0x8</size>
         <input_file_ref idref="fl-18"/>
      </object_component>
      <object_component id="oc-50">
         <name>.cinit</name>
         <load_address>0x3f5bc9</load_address>
         <run_address>0x3f5bc9</run_address>
         <size>0x8</size>
         <input_file_ref idref="fl-6"/>
      </object_component>
      <object_component id="oc-16d">
         <name>.cinit:__lock</name>
         <load_address>0x3f5bd1</load_address>
         <run_address>0x3f5bd1</run_address>
         <size>0x5</size>
         <input_file_ref idref="fl-36"/>
      </object_component>
      <object_component id="oc-17d">
         <name>.cinit:__unlock</name>
         <load_address>0x3f5bd6</load_address>
         <run_address>0x3f5bd6</run_address>
         <size>0x5</size>
         <input_file_ref idref="fl-36"/>
      </object_component>
      <object_component id="oc-19a">
         <name>.text:_AT24X_Update</name>
         <load_address>0x3f4000</load_address>
         <run_address>0x3f4000</run_address>
         <size>0x1c1</size>
         <input_file_ref idref="fl-4"/>
      </object_component>
      <object_component id="oc-19c">
         <name>.text:_TempControl</name>
         <load_address>0x3f41c1</load_address>
         <run_address>0x3f41c1</run_address>
         <size>0x177</size>
         <input_file_ref idref="fl-18"/>
      </object_component>
      <object_component id="oc-1bd">
         <name>.text:_AdcConversion</name>
         <load_address>0x3f4338</load_address>
         <run_address>0x3f4338</run_address>
         <size>0x150</size>
         <input_file_ref idref="fl-9"/>
      </object_component>
      <object_component id="oc-52">
         <name>.text:_NetCommRxIsrHandler</name>
         <load_address>0x3f4488</load_address>
         <run_address>0x3f4488</run_address>
         <size>0xdf</size>
         <input_file_ref idref="fl-6"/>
      </object_component>
      <object_component id="oc-199">
         <name>.text:_I2C_update</name>
         <load_address>0x3f4567</load_address>
         <run_address>0x3f4567</run_address>
         <size>0xd3</size>
         <input_file_ref idref="fl-e"/>
      </object_component>
      <object_component id="oc-1bc">
         <name>.text:_AdcInterp</name>
         <load_address>0x3f463a</load_address>
         <run_address>0x3f463a</run_address>
         <size>0xc3</size>
         <input_file_ref idref="fl-18"/>
      </object_component>
      <object_component id="oc-19f">
         <name>.text:_UpdateSensors</name>
         <load_address>0x3f46fd</load_address>
         <run_address>0x3f46fd</run_address>
         <size>0x83</size>
         <input_file_ref idref="fl-18"/>
      </object_component>
      <object_component id="oc-11f">
         <name>.text</name>
         <load_address>0x3f4780</load_address>
         <run_address>0x3f4780</run_address>
         <size>0x83</size>
         <input_file_ref idref="fl-2e"/>
      </object_component>
      <object_component id="oc-11a">
         <name>.text</name>
         <load_address>0x3f4803</load_address>
         <run_address>0x3f4803</run_address>
         <size>0x78</size>
         <input_file_ref idref="fl-2d"/>
      </object_component>
      <object_component id="oc-1ae">
         <name>.text:_AdcChanSelect</name>
         <load_address>0x3f487b</load_address>
         <run_address>0x3f487b</run_address>
         <size>0x75</size>
         <input_file_ref idref="fl-9"/>
      </object_component>
      <object_component id="oc-1a5">
         <name>.text:_ApFilter3Calc</name>
         <load_address>0x3f48f0</load_address>
         <run_address>0x3f48f0</run_address>
         <size>0x71</size>
         <input_file_ref idref="fl-17"/>
      </object_component>
      <object_component id="oc-176">
         <name>.text:_InterfaceInit</name>
         <load_address>0x3f4961</load_address>
         <run_address>0x3f4961</run_address>
         <size>0x66</size>
         <input_file_ref idref="fl-18"/>
      </object_component>
      <object_component id="oc-1b5">
         <name>.text:_AT24X_Read</name>
         <load_address>0x3f49c7</load_address>
         <run_address>0x3f49c7</run_address>
         <size>0x65</size>
         <input_file_ref idref="fl-4"/>
      </object_component>
      <object_component id="oc-19d">
         <name>.text:_ADS1256_Update</name>
         <load_address>0x3f4a2c</load_address>
         <run_address>0x3f4a2c</run_address>
         <size>0x5c</size>
         <input_file_ref idref="fl-2"/>
      </object_component>
      <object_component id="oc-17b">
         <name>.text:_InterfaceUpdate</name>
         <load_address>0x3f4a88</load_address>
         <run_address>0x3f4a88</run_address>
         <size>0x5b</size>
         <input_file_ref idref="fl-18"/>
      </object_component>
      <object_component id="oc-193">
         <name>.text:_ADS1256_Init</name>
         <load_address>0x3f4ae3</load_address>
         <run_address>0x3f4ae3</run_address>
         <size>0x58</size>
         <input_file_ref idref="fl-2"/>
      </object_component>
      <object_component id="oc-1a9">
         <name>.text:_InitPll</name>
         <load_address>0x3f4b3b</load_address>
         <run_address>0x3f4b3b</run_address>
         <size>0x54</size>
         <input_file_ref idref="fl-13"/>
      </object_component>
      <object_component id="oc-19e">
         <name>.text:_LIR_158A_02_Update</name>
         <load_address>0x3f4b8f</load_address>
         <run_address>0x3f4b8f</run_address>
         <size>0x54</size>
         <input_file_ref idref="fl-5"/>
      </object_component>
      <object_component id="oc-36">
         <name>.text</name>
         <load_address>0x3f4be3</load_address>
         <run_address>0x3f4be3</run_address>
         <size>0x54</size>
         <input_file_ref idref="fl-2c"/>
      </object_component>
      <object_component id="oc-196">
         <name>.text:_ReadParams</name>
         <load_address>0x3f4c37</load_address>
         <run_address>0x3f4c37</run_address>
         <size>0x52</size>
         <input_file_ref idref="fl-18"/>
      </object_component>
      <object_component id="oc-175">
         <name>.text:_InitHardware</name>
         <load_address>0x3f4c89</load_address>
         <run_address>0x3f4c89</run_address>
         <size>0x42</size>
         <input_file_ref idref="fl-1a"/>
      </object_component>
      <object_component id="oc-168">
         <name>.text:_async_wrap</name>
         <load_address>0x3f4ccb</load_address>
         <run_address>0x3f4ccb</run_address>
         <size>0x41</size>
         <input_file_ref idref="fl-8"/>
      </object_component>
      <object_component id="oc-18f">
         <name>.text:_InitUserAdc</name>
         <load_address>0x3f4d0c</load_address>
         <run_address>0x3f4d0c</run_address>
         <size>0x3f</size>
         <input_file_ref idref="fl-1a"/>
      </object_component>
      <object_component id="oc-189">
         <name>.text:_InitUserGpio</name>
         <load_address>0x3f4d4b</load_address>
         <run_address>0x3f4d4b</run_address>
         <size>0x3e</size>
         <input_file_ref idref="fl-1a"/>
      </object_component>
      <object_component id="oc-1a4">
         <name>.text:_AdcFiltrate</name>
         <load_address>0x3f4d89</load_address>
         <run_address>0x3f4d89</run_address>
         <size>0x3c</size>
         <input_file_ref idref="fl-18"/>
      </object_component>
      <object_component id="oc-19b">
         <name>.text:_ADT75_Update</name>
         <load_address>0x3f4dc5</load_address>
         <run_address>0x3f4dc5</run_address>
         <size>0x38</size>
         <input_file_ref idref="fl-3"/>
      </object_component>
      <object_component id="oc-197">
         <name>.text:_SCI_init</name>
         <load_address>0x3f4dfd</load_address>
         <run_address>0x3f4dfd</run_address>
         <size>0x38</size>
         <input_file_ref idref="fl-11"/>
      </object_component>
      <object_component id="oc-1b0">
         <name>.text:_SPI_init</name>
         <load_address>0x3f4e35</load_address>
         <run_address>0x3f4e35</run_address>
         <size>0x36</size>
         <input_file_ref idref="fl-12"/>
      </object_component>
      <object_component id="oc-1b4">
         <name>.text:_I2C_reset</name>
         <load_address>0x3f4e6b</load_address>
         <run_address>0x3f4e6b</run_address>
         <size>0x33</size>
         <input_file_ref idref="fl-e"/>
      </object_component>
      <object_component id="oc-53">
         <name>.text:_NetCommTxIsrHandler</name>
         <load_address>0x3f4e9e</load_address>
         <run_address>0x3f4e9e</run_address>
         <size>0x32</size>
         <input_file_ref idref="fl-6"/>
      </object_component>
      <object_component id="oc-1aa">
         <name>.text:_InitPeripheralClocks</name>
         <load_address>0x3f4ed0</load_address>
         <run_address>0x3f4ed0</run_address>
         <size>0x31</size>
         <input_file_ref idref="fl-13"/>
      </object_component>
      <object_component id="oc-17a">
         <name>.text:_NetCommUpdate</name>
         <load_address>0x3f4f01</load_address>
         <run_address>0x3f4f01</run_address>
         <size>0x31</size>
         <input_file_ref idref="fl-6"/>
      </object_component>
      <object_component id="oc-1b6">
         <name>.text:_AT24X_Func</name>
         <load_address>0x3f4f32</load_address>
         <run_address>0x3f4f32</run_address>
         <size>0x2e</size>
         <input_file_ref idref="fl-4"/>
      </object_component>
      <object_component id="oc-194">
         <name>.text:_ApFilter3Init</name>
         <load_address>0x3f4f60</load_address>
         <run_address>0x3f4f60</run_address>
         <size>0x2e</size>
         <input_file_ref idref="fl-17"/>
      </object_component>
      <object_component id="oc-177">
         <name>.text:_NetCommInit</name>
         <load_address>0x3f4f8e</load_address>
         <run_address>0x3f4f8e</run_address>
         <size>0x2e</size>
         <input_file_ref idref="fl-6"/>
      </object_component>
      <object_component id="oc-171">
         <name>.text:_async_unwrap_other</name>
         <load_address>0x3f4fbc</load_address>
         <run_address>0x3f4fbc</run_address>
         <size>0x2b</size>
         <input_file_ref idref="fl-8"/>
      </object_component>
      <object_component id="oc-1ba">
         <name>.text:_readData</name>
         <load_address>0x3f4fe7</load_address>
         <run_address>0x3f4fe7</run_address>
         <size>0x2a</size>
         <input_file_ref idref="fl-2"/>
      </object_component>
      <object_component id="oc-163">
         <name>.text</name>
         <load_address>0x3f5011</load_address>
         <run_address>0x3f5011</run_address>
         <size>0x29</size>
         <input_file_ref idref="fl-35"/>
      </object_component>
      <object_component id="oc-190">
         <name>.text:_I2C_init</name>
         <load_address>0x3f503a</load_address>
         <run_address>0x3f503a</run_address>
         <size>0x28</size>
         <input_file_ref idref="fl-e"/>
      </object_component>
      <object_component id="oc-1ad">
         <name>.text:_AdcOffsetSelfCal</name>
         <load_address>0x3f5062</load_address>
         <run_address>0x3f5062</run_address>
         <size>0x27</size>
         <input_file_ref idref="fl-9"/>
      </object_component>
      <object_component id="oc-18e">
         <name>.text:_InitPieVectTable</name>
         <load_address>0x3f5089</load_address>
         <run_address>0x3f5089</run_address>
         <size>0x26</size>
         <input_file_ref idref="fl-10"/>
      </object_component>
      <object_component id="oc-167">
         <name>.text:_WriteReg</name>
         <load_address>0x3f50af</load_address>
         <run_address>0x3f50af</run_address>
         <size>0x25</size>
         <input_file_ref idref="fl-18"/>
      </object_component>
      <object_component id="oc-173">
         <name>.text:_stuff_byte</name>
         <load_address>0x3f50d4</load_address>
         <run_address>0x3f50d4</run_address>
         <size>0x25</size>
         <input_file_ref idref="fl-8"/>
      </object_component>
      <object_component id="oc-165">
         <name>.text:_ReadReg</name>
         <load_address>0x3f50f9</load_address>
         <run_address>0x3f50f9</run_address>
         <size>0x24</size>
         <input_file_ref idref="fl-18"/>
      </object_component>
      <object_component id="oc-160">
         <name>.text</name>
         <load_address>0x3f511d</load_address>
         <run_address>0x3f511d</run_address>
         <size>0x24</size>
         <input_file_ref idref="fl-31"/>
      </object_component>
      <object_component id="oc-179">
         <name>.text:_SystemTickUpdate</name>
         <load_address>0x3f5141</load_address>
         <run_address>0x3f5141</run_address>
         <size>0x21</size>
         <input_file_ref idref="fl-1a"/>
      </object_component>
      <object_component id="oc-191">
         <name>.text:_ConfigCpuTimer</name>
         <load_address>0x3f5162</load_address>
         <run_address>0x3f5162</run_address>
         <size>0x1f</size>
         <input_file_ref idref="fl-b"/>
      </object_component>
      <object_component id="oc-18d">
         <name>.text:_InitPieCtrl</name>
         <load_address>0x3f5181</load_address>
         <run_address>0x3f5181</run_address>
         <size>0x1f</size>
         <input_file_ref idref="fl-f"/>
      </object_component>
      <object_component id="oc-1b3">
         <name>.text:_readReg</name>
         <load_address>0x3f51a0</load_address>
         <run_address>0x3f51a0</run_address>
         <size>0x1f</size>
         <input_file_ref idref="fl-2"/>
      </object_component>
      <object_component id="oc-1ac">
         <name>.text:_InitAdc</name>
         <load_address>0x3f51bf</load_address>
         <run_address>0x3f51bf</run_address>
         <size>0x1e</size>
         <input_file_ref idref="fl-9"/>
      </object_component>
      <object_component id="oc-18a">
         <name>.text:_InitSpiaGpio</name>
         <load_address>0x3f51dd</load_address>
         <run_address>0x3f51dd</run_address>
         <size>0x1e</size>
         <input_file_ref idref="fl-12"/>
      </object_component>
      <object_component id="oc-1a2">
         <name>.text:_LedBlink</name>
         <load_address>0x3f51fb</load_address>
         <run_address>0x3f51fb</run_address>
         <size>0x1e</size>
         <input_file_ref idref="fl-18"/>
      </object_component>
      <object_component id="oc-124">
         <name>.text</name>
         <load_address>0x3f5219</load_address>
         <run_address>0x3f5219</run_address>
         <size>0x1d</size>
         <input_file_ref idref="fl-2f"/>
      </object_component>
      <object_component id="oc-16a">
         <name>.text</name>
         <load_address>0x3f5236</load_address>
         <run_address>0x3f5236</run_address>
         <size>0x1d</size>
         <input_file_ref idref="fl-32"/>
      </object_component>
      <object_component id="oc-170">
         <name>.text:_async_unwrap_eof</name>
         <load_address>0x3f5253</load_address>
         <run_address>0x3f5253</run_address>
         <size>0x1c</size>
         <input_file_ref idref="fl-8"/>
      </object_component>
      <object_component id="oc-195">
         <name>.text:_ApFilter3Reset</name>
         <load_address>0x3f526f</load_address>
         <run_address>0x3f526f</run_address>
         <size>0x1b</size>
         <input_file_ref idref="fl-17"/>
      </object_component>
      <object_component id="oc-1a8">
         <name>.text:_XtalOscSel</name>
         <load_address>0x3f528a</load_address>
         <run_address>0x3f528a</run_address>
         <size>0x1b</size>
         <input_file_ref idref="fl-13"/>
      </object_component>
      <object_component id="oc-1b1">
         <name>.text:_writeReg</name>
         <load_address>0x3f52a5</load_address>
         <run_address>0x3f52a5</run_address>
         <size>0x1b</size>
         <input_file_ref idref="fl-2"/>
      </object_component>
      <object_component id="oc-18c">
         <name>.text:_InitI2CGpio</name>
         <load_address>0x3f52c0</load_address>
         <run_address>0x3f52c0</run_address>
         <size>0x1a</size>
         <input_file_ref idref="fl-e"/>
      </object_component>
      <object_component id="oc-186">
         <name>.text:_InitSysCtrl</name>
         <load_address>0x3f52da</load_address>
         <run_address>0x3f52da</run_address>
         <size>0x1a</size>
         <input_file_ref idref="fl-13"/>
      </object_component>
      <object_component id="oc-164">
         <name>.text:_async_unwrap_char</name>
         <load_address>0x3f52f4</load_address>
         <run_address>0x3f52f4</run_address>
         <size>0x19</size>
         <input_file_ref idref="fl-8"/>
      </object_component>
      <object_component id="oc-16f">
         <name>.text:_async_unwrap_bof</name>
         <load_address>0x3f530d</load_address>
         <run_address>0x3f530d</run_address>
         <size>0x18</size>
         <input_file_ref idref="fl-8"/>
      </object_component>
      <object_component id="oc-18b">
         <name>.text:_InitSciaGpio</name>
         <load_address>0x3f5325</load_address>
         <run_address>0x3f5325</run_address>
         <size>0x16</size>
         <input_file_ref idref="fl-11"/>
      </object_component>
      <object_component id="oc-198">
         <name>.text:_WriteParams</name>
         <load_address>0x3f533b</load_address>
         <run_address>0x3f533b</run_address>
         <size>0x16</size>
         <input_file_ref idref="fl-18"/>
      </object_component>
      <object_component id="oc-1a1">
         <name>.text:_AT24X_Timer</name>
         <load_address>0x3f5351</load_address>
         <run_address>0x3f5351</run_address>
         <size>0x15</size>
         <input_file_ref idref="fl-4"/>
      </object_component>
      <object_component id="oc-169">
         <name>.text:_EnableRecieve</name>
         <load_address>0x3f5366</load_address>
         <run_address>0x3f5366</run_address>
         <size>0x15</size>
         <input_file_ref idref="fl-6"/>
      </object_component>
      <object_component id="oc-16e">
         <name>.text:_async_unwrap_ce</name>
         <load_address>0x3f537b</load_address>
         <run_address>0x3f537b</run_address>
         <size>0x15</size>
         <input_file_ref idref="fl-8"/>
      </object_component>
      <object_component id="oc-188">
         <name>.text:_InitGpio</name>
         <load_address>0x3f5390</load_address>
         <run_address>0x3f5390</run_address>
         <size>0x13</size>
         <input_file_ref idref="fl-d"/>
      </object_component>
      <object_component id="oc-1b7">
         <name>.text:_ResetFifo</name>
         <load_address>0x3f53a3</load_address>
         <run_address>0x3f53a3</run_address>
         <size>0x13</size>
         <input_file_ref idref="fl-e"/>
      </object_component>
      <object_component id="oc-1b9">
         <name>.text:_TempInput</name>
         <load_address>0x3f53b6</load_address>
         <run_address>0x3f53b6</run_address>
         <size>0x13</size>
         <input_file_ref idref="fl-18"/>
      </object_component>
      <object_component id="oc-1b2">
         <name>.text:_writeCommand</name>
         <load_address>0x3f53c9</load_address>
         <run_address>0x3f53c9</run_address>
         <size>0x13</size>
         <input_file_ref idref="fl-2"/>
      </object_component>
      <object_component id="oc-129">
         <name>.text</name>
         <load_address>0x3f53dc</load_address>
         <run_address>0x3f53dc</run_address>
         <size>0x13</size>
         <input_file_ref idref="fl-30"/>
      </object_component>
      <object_component id="oc-1b8">
         <name>.text:_InitHeatGpio</name>
         <load_address>0x3f53ef</load_address>
         <run_address>0x3f53ef</run_address>
         <size>0x12</size>
         <input_file_ref idref="fl-1a"/>
      </object_component>
      <object_component id="oc-1bb">
         <name>.text:_SPI_send</name>
         <load_address>0x3f5401</load_address>
         <run_address>0x3f5401</run_address>
         <size>0x11</size>
         <input_file_ref idref="fl-12"/>
      </object_component>
      <object_component id="oc-162">
         <name>.text</name>
         <load_address>0x3f5412</load_address>
         <run_address>0x3f5412</run_address>
         <size>0x11</size>
         <input_file_ref idref="fl-37"/>
      </object_component>
      <object_component id="oc-16b">
         <name>.text:_main</name>
         <load_address>0x3f5423</load_address>
         <run_address>0x3f5423</run_address>
         <size>0xf</size>
         <input_file_ref idref="fl-19"/>
      </object_component>
      <object_component id="oc-1a3">
         <name>.text:_TempTimer</name>
         <load_address>0x3f5432</load_address>
         <run_address>0x3f5432</run_address>
         <size>0xe</size>
         <input_file_ref idref="fl-18"/>
      </object_component>
      <object_component id="oc-174">
         <name>.text:_calc_fcs</name>
         <load_address>0x3f5440</load_address>
         <run_address>0x3f5440</run_address>
         <size>0xe</size>
         <input_file_ref idref="fl-7"/>
      </object_component>
      <object_component id="oc-1a0">
         <name>.text:_I2C_Timer</name>
         <load_address>0x3f544e</load_address>
         <run_address>0x3f544e</run_address>
         <size>0xa</size>
         <input_file_ref idref="fl-e"/>
      </object_component>
      <object_component id="oc-178">
         <name>.text:_EnableInterrupts</name>
         <load_address>0x3f5458</load_address>
         <run_address>0x3f5458</run_address>
         <size>0x9</size>
         <input_file_ref idref="fl-f"/>
      </object_component>
      <object_component id="oc-17c">
         <name>.text</name>
         <load_address>0x3f5461</load_address>
         <run_address>0x3f5461</run_address>
         <size>0x9</size>
         <input_file_ref idref="fl-36"/>
      </object_component>
      <object_component id="oc-1a7">
         <name>.text:_DisableDog</name>
         <load_address>0x3f546a</load_address>
         <run_address>0x3f546a</run_address>
         <size>0x8</size>
         <input_file_ref idref="fl-13"/>
      </object_component>
      <object_component id="oc-67">
         <name>.text</name>
         <load_address>0x3f5472</load_address>
         <run_address>0x3f5472</run_address>
         <size>0x8</size>
         <input_file_ref idref="fl-a"/>
      </object_component>
      <object_component id="oc-192">
         <name>.text</name>
         <load_address>0x3f547a</load_address>
         <run_address>0x3f547a</run_address>
         <size>0x7</size>
         <input_file_ref idref="fl-38"/>
      </object_component>
      <object_component id="oc-86">
         <name>.text:_ADCINT1_ISR</name>
         <load_address>0x3f5481</load_address>
         <run_address>0x3f5481</run_address>
         <size>0x5</size>
         <input_file_ref idref="fl-c"/>
      </object_component>
      <object_component id="oc-87">
         <name>.text:_ADCINT2_ISR</name>
         <load_address>0x3f5486</load_address>
         <run_address>0x3f5486</run_address>
         <size>0x5</size>
         <input_file_ref idref="fl-c"/>
      </object_component>
      <object_component id="oc-9c">
         <name>.text:_ADCINT3_ISR</name>
         <load_address>0x3f548b</load_address>
         <run_address>0x3f548b</run_address>
         <size>0x5</size>
         <input_file_ref idref="fl-c"/>
      </object_component>
      <object_component id="oc-9d">
         <name>.text:_ADCINT4_ISR</name>
         <load_address>0x3f5490</load_address>
         <run_address>0x3f5490</run_address>
         <size>0x5</size>
         <input_file_ref idref="fl-c"/>
      </object_component>
      <object_component id="oc-9e">
         <name>.text:_ADCINT5_ISR</name>
         <load_address>0x3f5495</load_address>
         <run_address>0x3f5495</run_address>
         <size>0x5</size>
         <input_file_ref idref="fl-c"/>
      </object_component>
      <object_component id="oc-9f">
         <name>.text:_ADCINT6_ISR</name>
         <load_address>0x3f549a</load_address>
         <run_address>0x3f549a</run_address>
         <size>0x5</size>
         <input_file_ref idref="fl-c"/>
      </object_component>
      <object_component id="oc-a0">
         <name>.text:_ADCINT7_ISR</name>
         <load_address>0x3f549f</load_address>
         <run_address>0x3f549f</run_address>
         <size>0x5</size>
         <input_file_ref idref="fl-c"/>
      </object_component>
      <object_component id="oc-a1">
         <name>.text:_ADCINT8_ISR</name>
         <load_address>0x3f54a4</load_address>
         <run_address>0x3f54a4</run_address>
         <size>0x5</size>
         <input_file_ref idref="fl-c"/>
      </object_component>
      <object_component id="oc-8a">
         <name>.text:_ADCINT9_ISR</name>
         <load_address>0x3f54a9</load_address>
         <run_address>0x3f54a9</run_address>
         <size>0x5</size>
         <input_file_ref idref="fl-c"/>
      </object_component>
      <object_component id="oc-75">
         <name>.text:_DATALOG_ISR</name>
         <load_address>0x3f54ae</load_address>
         <run_address>0x3f54ae</run_address>
         <size>0x5</size>
         <input_file_ref idref="fl-c"/>
      </object_component>
      <object_component id="oc-95">
         <name>.text:_ECAP1_INT_ISR</name>
         <load_address>0x3f54b3</load_address>
         <run_address>0x3f54b3</run_address>
         <size>0x5</size>
         <input_file_ref idref="fl-c"/>
      </object_component>
      <object_component id="oc-a3">
         <name>.text:_EMPTY_ISR</name>
         <load_address>0x3f54b8</load_address>
         <run_address>0x3f54b8</run_address>
         <size>0x5</size>
         <input_file_ref idref="fl-c"/>
      </object_component>
      <object_component id="oc-77">
         <name>.text:_EMUINT_ISR</name>
         <load_address>0x3f54bd</load_address>
         <run_address>0x3f54bd</run_address>
         <size>0x5</size>
         <input_file_ref idref="fl-c"/>
      </object_component>
      <object_component id="oc-91">
         <name>.text:_EPWM1_INT_ISR</name>
         <load_address>0x3f54c2</load_address>
         <run_address>0x3f54c2</run_address>
         <size>0x5</size>
         <input_file_ref idref="fl-c"/>
      </object_component>
      <object_component id="oc-8d">
         <name>.text:_EPWM1_TZINT_ISR</name>
         <load_address>0x3f54c7</load_address>
         <run_address>0x3f54c7</run_address>
         <size>0x5</size>
         <input_file_ref idref="fl-c"/>
      </object_component>
      <object_component id="oc-92">
         <name>.text:_EPWM2_INT_ISR</name>
         <load_address>0x3f54cc</load_address>
         <run_address>0x3f54cc</run_address>
         <size>0x5</size>
         <input_file_ref idref="fl-c"/>
      </object_component>
      <object_component id="oc-8e">
         <name>.text:_EPWM2_TZINT_ISR</name>
         <load_address>0x3f54d1</load_address>
         <run_address>0x3f54d1</run_address>
         <size>0x5</size>
         <input_file_ref idref="fl-c"/>
      </object_component>
      <object_component id="oc-93">
         <name>.text:_EPWM3_INT_ISR</name>
         <load_address>0x3f54d6</load_address>
         <run_address>0x3f54d6</run_address>
         <size>0x5</size>
         <input_file_ref idref="fl-c"/>
      </object_component>
      <object_component id="oc-8f">
         <name>.text:_EPWM3_TZINT_ISR</name>
         <load_address>0x3f54db</load_address>
         <run_address>0x3f54db</run_address>
         <size>0x5</size>
         <input_file_ref idref="fl-c"/>
      </object_component>
      <object_component id="oc-94">
         <name>.text:_EPWM4_INT_ISR</name>
         <load_address>0x3f54e0</load_address>
         <run_address>0x3f54e0</run_address>
         <size>0x5</size>
         <input_file_ref idref="fl-c"/>
      </object_component>
      <object_component id="oc-90">
         <name>.text:_EPWM4_TZINT_ISR</name>
         <load_address>0x3f54e5</load_address>
         <run_address>0x3f54e5</run_address>
         <size>0x5</size>
         <input_file_ref idref="fl-c"/>
      </object_component>
      <object_component id="oc-98">
         <name>.text:_I2CINT1A_ISR</name>
         <load_address>0x3f54ea</load_address>
         <run_address>0x3f54ea</run_address>
         <size>0x5</size>
         <input_file_ref idref="fl-c"/>
      </object_component>
      <object_component id="oc-99">
         <name>.text:_I2CINT2A_ISR</name>
         <load_address>0x3f54ef</load_address>
         <run_address>0x3f54ef</run_address>
         <size>0x5</size>
         <input_file_ref idref="fl-c"/>
      </object_component>
      <object_component id="oc-79">
         <name>.text:_ILLEGAL_ISR</name>
         <load_address>0x3f54f4</load_address>
         <run_address>0x3f54f4</run_address>
         <size>0x5</size>
         <input_file_ref idref="fl-c"/>
      </object_component>
      <object_component id="oc-73">
         <name>.text:_INT13_ISR</name>
         <load_address>0x3f54f9</load_address>
         <run_address>0x3f54f9</run_address>
         <size>0x5</size>
         <input_file_ref idref="fl-c"/>
      </object_component>
      <object_component id="oc-74">
         <name>.text:_INT14_ISR</name>
         <load_address>0x3f54fe</load_address>
         <run_address>0x3f54fe</run_address>
         <size>0x5</size>
         <input_file_ref idref="fl-c"/>
      </object_component>
      <object_component id="oc-78">
         <name>.text:_NMI_ISR</name>
         <load_address>0x3f5503</load_address>
         <run_address>0x3f5503</run_address>
         <size>0x5</size>
         <input_file_ref idref="fl-c"/>
      </object_component>
      <object_component id="oc-a4">
         <name>.text:_PIE_RESERVED</name>
         <load_address>0x3f5508</load_address>
         <run_address>0x3f5508</run_address>
         <size>0x5</size>
         <input_file_ref idref="fl-c"/>
      </object_component>
      <object_component id="oc-76">
         <name>.text:_RTOSINT_ISR</name>
         <load_address>0x3f550d</load_address>
         <run_address>0x3f550d</run_address>
         <size>0x5</size>
         <input_file_ref idref="fl-c"/>
      </object_component>
      <object_component id="oc-9a">
         <name>.text:_SCIRXINTA_ISR</name>
         <load_address>0x3f5512</load_address>
         <run_address>0x3f5512</run_address>
         <size>0x5</size>
         <input_file_ref idref="fl-c"/>
      </object_component>
      <object_component id="oc-9b">
         <name>.text:_SCITXINTA_ISR</name>
         <load_address>0x3f5517</load_address>
         <run_address>0x3f5517</run_address>
         <size>0x5</size>
         <input_file_ref idref="fl-c"/>
      </object_component>
      <object_component id="oc-96">
         <name>.text:_SPIRXINTA_ISR</name>
         <load_address>0x3f551c</load_address>
         <run_address>0x3f551c</run_address>
         <size>0x5</size>
         <input_file_ref idref="fl-c"/>
      </object_component>
      <object_component id="oc-97">
         <name>.text:_SPITXINTA_ISR</name>
         <load_address>0x3f5521</load_address>
         <run_address>0x3f5521</run_address>
         <size>0x5</size>
         <input_file_ref idref="fl-c"/>
      </object_component>
      <object_component id="oc-8b">
         <name>.text:_TINT0_ISR</name>
         <load_address>0x3f5526</load_address>
         <run_address>0x3f5526</run_address>
         <size>0x5</size>
         <input_file_ref idref="fl-c"/>
      </object_component>
      <object_component id="oc-83">
         <name>.text:_USER10_ISR</name>
         <load_address>0x3f552b</load_address>
         <run_address>0x3f552b</run_address>
         <size>0x5</size>
         <input_file_ref idref="fl-c"/>
      </object_component>
      <object_component id="oc-84">
         <name>.text:_USER11_ISR</name>
         <load_address>0x3f5530</load_address>
         <run_address>0x3f5530</run_address>
         <size>0x5</size>
         <input_file_ref idref="fl-c"/>
      </object_component>
      <object_component id="oc-85">
         <name>.text:_USER12_ISR</name>
         <load_address>0x3f5535</load_address>
         <run_address>0x3f5535</run_address>
         <size>0x5</size>
         <input_file_ref idref="fl-c"/>
      </object_component>
      <object_component id="oc-7a">
         <name>.text:_USER1_ISR</name>
         <load_address>0x3f553a</load_address>
         <run_address>0x3f553a</run_address>
         <size>0x5</size>
         <input_file_ref idref="fl-c"/>
      </object_component>
      <object_component id="oc-7b">
         <name>.text:_USER2_ISR</name>
         <load_address>0x3f553f</load_address>
         <run_address>0x3f553f</run_address>
         <size>0x5</size>
         <input_file_ref idref="fl-c"/>
      </object_component>
      <object_component id="oc-7c">
         <name>.text:_USER3_ISR</name>
         <load_address>0x3f5544</load_address>
         <run_address>0x3f5544</run_address>
         <size>0x5</size>
         <input_file_ref idref="fl-c"/>
      </object_component>
      <object_component id="oc-7d">
         <name>.text:_USER4_ISR</name>
         <load_address>0x3f5549</load_address>
         <run_address>0x3f5549</run_address>
         <size>0x5</size>
         <input_file_ref idref="fl-c"/>
      </object_component>
      <object_component id="oc-7e">
         <name>.text:_USER5_ISR</name>
         <load_address>0x3f554e</load_address>
         <run_address>0x3f554e</run_address>
         <size>0x5</size>
         <input_file_ref idref="fl-c"/>
      </object_component>
      <object_component id="oc-7f">
         <name>.text:_USER6_ISR</name>
         <load_address>0x3f5553</load_address>
         <run_address>0x3f5553</run_address>
         <size>0x5</size>
         <input_file_ref idref="fl-c"/>
      </object_component>
      <object_component id="oc-80">
         <name>.text:_USER7_ISR</name>
         <load_address>0x3f5558</load_address>
         <run_address>0x3f5558</run_address>
         <size>0x5</size>
         <input_file_ref idref="fl-c"/>
      </object_component>
      <object_component id="oc-81">
         <name>.text:_USER8_ISR</name>
         <load_address>0x3f555d</load_address>
         <run_address>0x3f555d</run_address>
         <size>0x5</size>
         <input_file_ref idref="fl-c"/>
      </object_component>
      <object_component id="oc-82">
         <name>.text:_USER9_ISR</name>
         <load_address>0x3f5562</load_address>
         <run_address>0x3f5562</run_address>
         <size>0x5</size>
         <input_file_ref idref="fl-c"/>
      </object_component>
      <object_component id="oc-8c">
         <name>.text:_WAKEINT_ISR</name>
         <load_address>0x3f5567</load_address>
         <run_address>0x3f5567</run_address>
         <size>0x5</size>
         <input_file_ref idref="fl-c"/>
      </object_component>
      <object_component id="oc-88">
         <name>.text:_XINT1_ISR</name>
         <load_address>0x3f556c</load_address>
         <run_address>0x3f556c</run_address>
         <size>0x5</size>
         <input_file_ref idref="fl-c"/>
      </object_component>
      <object_component id="oc-89">
         <name>.text:_XINT2_ISR</name>
         <load_address>0x3f5571</load_address>
         <run_address>0x3f5571</run_address>
         <size>0x5</size>
         <input_file_ref idref="fl-c"/>
      </object_component>
      <object_component id="oc-a2">
         <name>.text:_XINT3_ISR</name>
         <load_address>0x3f5576</load_address>
         <run_address>0x3f5576</run_address>
         <size>0x5</size>
         <input_file_ref idref="fl-c"/>
      </object_component>
      <object_component id="oc-a5">
         <name>.text:_rsvd_ISR</name>
         <load_address>0x3f557b</load_address>
         <run_address>0x3f557b</run_address>
         <size>0x5</size>
         <input_file_ref idref="fl-c"/>
      </object_component>
      <object_component id="oc-15f">
         <name>.text</name>
         <load_address>0x3f5580</load_address>
         <run_address>0x3f5580</run_address>
         <size>0x2</size>
         <input_file_ref idref="fl-33"/>
      </object_component>
      <object_component id="oc-161">
         <name>.text</name>
         <load_address>0x3f5582</load_address>
         <run_address>0x3f5582</run_address>
         <size>0x1</size>
         <input_file_ref idref="fl-34"/>
      </object_component>
      <object_component id="oc-68">
         <name>codestart</name>
         <load_address>0x3f7ff6</load_address>
         <run_address>0x3f7ff6</run_address>
         <size>0x2</size>
         <input_file_ref idref="fl-a"/>
      </object_component>
      <object_component id="oc-187">
         <name>ramfuncs:_InitFlash</name>
         <load_address>0x3f5583</load_address>
         <run_address>0x8000</run_address>
         <size>0x1b</size>
         <input_file_ref idref="fl-13"/>
      </object_component>
      <object_component id="oc-d4">
         <name>ramfuncs</name>
         <load_address>0x3f559e</load_address>
         <run_address>0x801b</run_address>
         <size>0x4</size>
         <input_file_ref idref="fl-15"/>
      </object_component>
      <object_component id="oc-114">
         <name>.stack</name>
         <uninitialized>true</uninitialized>
         <run_address>0x50</run_address>
         <size>0x0</size>
         <input_file_ref idref="fl-2c"/>
      </object_component>
      <object_component id="oc-1fb">
         <name>.stack</name>
         <uninitialized>true</uninitialized>
         <run_address>0x50</run_address>
         <size>0x0</size>
      </object_component>
      <object_component id="oc-1af">
         <name>.ebss:_ads1256_chan</name>
         <uninitialized>true</uninitialized>
         <run_address>0x8bdf</run_address>
         <size>0x1</size>
         <input_file_ref idref="fl-2"/>
      </object_component>
      <object_component id="oc-39">
         <name>.ebss</name>
         <uninitialized>true</uninitialized>
         <run_address>0x8bdc</run_address>
         <size>0x3</size>
         <input_file_ref idref="fl-2"/>
      </object_component>
      <object_component id="oc-17e">
         <name>.ebss:_ads1256_data</name>
         <uninitialized>true</uninitialized>
         <run_address>0x8a86</run_address>
         <size>0x14</size>
         <input_file_ref idref="fl-2"/>
      </object_component>
      <object_component id="oc-4a">
         <name>.ebss</name>
         <uninitialized>true</uninitialized>
         <run_address>0x8aa4</run_address>
         <size>0x6</size>
         <input_file_ref idref="fl-5"/>
      </object_component>
      <object_component id="oc-51">
         <name>.ebss</name>
         <uninitialized>true</uninitialized>
         <run_address>0x8800</run_address>
         <size>0x286</size>
         <input_file_ref idref="fl-6"/>
      </object_component>
      <object_component id="oc-166">
         <name>.ebss:_buf$1</name>
         <uninitialized>true</uninitialized>
         <run_address>0x8a9a</run_address>
         <size>0xa</size>
         <input_file_ref idref="fl-6"/>
      </object_component>
      <object_component id="oc-b1">
         <name>.ebss</name>
         <uninitialized>true</uninitialized>
         <run_address>0x8aba</run_address>
         <size>0x4</size>
         <input_file_ref idref="fl-e"/>
      </object_component>
      <object_component id="oc-103">
         <name>.ebss</name>
         <uninitialized>true</uninitialized>
         <run_address>0x8c00</run_address>
         <size>0x96</size>
         <input_file_ref idref="fl-18"/>
      </object_component>
      <object_component id="oc-181">
         <name>.ebss:_tsensX</name>
         <uninitialized>true</uninitialized>
         <run_address>0x8ab0</run_address>
         <size>0x5</size>
         <input_file_ref idref="fl-18"/>
      </object_component>
      <object_component id="oc-183">
         <name>.ebss:_tsensY</name>
         <uninitialized>true</uninitialized>
         <run_address>0x8ab5</run_address>
         <size>0x5</size>
         <input_file_ref idref="fl-18"/>
      </object_component>
      <object_component id="oc-180">
         <name>.ebss:_adc_f</name>
         <uninitialized>true</uninitialized>
         <run_address>0x8cc0</run_address>
         <size>0x58</size>
         <input_file_ref idref="fl-18"/>
      </object_component>
      <object_component id="oc-17f">
         <name>.ebss:_adc_values</name>
         <uninitialized>true</uninitialized>
         <run_address>0x8ac0</run_address>
         <size>0x118</size>
         <input_file_ref idref="fl-18"/>
      </object_component>
      <object_component id="oc-10f">
         <name>.ebss</name>
         <uninitialized>true</uninitialized>
         <run_address>0x8bd8</run_address>
         <size>0x4</size>
         <input_file_ref idref="fl-1a"/>
      </object_component>
      <object_component id="oc-144">
         <name>.ebss</name>
         <uninitialized>true</uninitialized>
         <run_address>0x8aaa</run_address>
         <size>0x6</size>
         <input_file_ref idref="fl-35"/>
      </object_component>
      <object_component id="oc-16c">
         <name>.ebss:__lock</name>
         <uninitialized>true</uninitialized>
         <run_address>0x8abe</run_address>
         <size>0x2</size>
         <input_file_ref idref="fl-36"/>
      </object_component>
      <object_component id="oc-1a6">
         <name>.ebss:__unlock</name>
         <uninitialized>true</uninitialized>
         <run_address>0x8be0</run_address>
         <size>0x2</size>
         <input_file_ref idref="fl-36"/>
      </object_component>
      <object_component id="oc-172">
         <name>.econst:_params</name>
         <load_address>0x3f55a2</load_address>
         <run_address>0x3f55a2</run_address>
         <size>0x1e8</size>
         <input_file_ref idref="fl-18"/>
      </object_component>
      <object_component id="oc-1ab">
         <name>.econst:_PieVectTableInit</name>
         <load_address>0x3f578a</load_address>
         <run_address>0x3f578a</run_address>
         <size>0x100</size>
         <input_file_ref idref="fl-10"/>
      </object_component>
      <object_component id="oc-185">
         <name>.econst:_crc16_table</name>
         <load_address>0x3f588a</load_address>
         <run_address>0x3f588a</run_address>
         <size>0x100</size>
         <input_file_ref idref="fl-7"/>
      </object_component>
      <object_component id="oc-158">
         <name>IQmath</name>
         <load_address>0x3f598a</load_address>
         <run_address>0x3f598a</run_address>
         <size>0x47</size>
         <input_file_ref idref="fl-39"/>
      </object_component>
      <object_component id="oc-159">
         <name>IQmath</name>
         <load_address>0x3f59d1</load_address>
         <run_address>0x3f59d1</run_address>
         <size>0x47</size>
         <input_file_ref idref="fl-3a"/>
      </object_component>
      <object_component id="oc-15a">
         <name>IQmath</name>
         <load_address>0x3f5a18</load_address>
         <run_address>0x3f5a18</run_address>
         <size>0x47</size>
         <input_file_ref idref="fl-3b"/>
      </object_component>
      <object_component id="oc-15b">
         <name>IQmath</name>
         <load_address>0x3f5a5f</load_address>
         <run_address>0x3f5a5f</run_address>
         <size>0x47</size>
         <input_file_ref idref="fl-3c"/>
      </object_component>
      <object_component id="oc-15d">
         <name>IQmath</name>
         <load_address>0x3f5aa6</load_address>
         <run_address>0x3f5aa6</run_address>
         <size>0x47</size>
         <input_file_ref idref="fl-3e"/>
      </object_component>
      <object_component id="oc-15c">
         <name>IQmath</name>
         <load_address>0x3f5aed</load_address>
         <run_address>0x3f5aed</run_address>
         <size>0x15</size>
         <input_file_ref idref="fl-3d"/>
      </object_component>
      <object_component id="oc-15e">
         <name>IQmathTables</name>
         <load_address>0x3fe000</load_address>
         <run_address>0x3fe000</run_address>
         <size>0xb50</size>
         <input_file_ref idref="fl-3f"/>
      </object_component>
      <object_component id="oc-115">
         <name>.reset</name>
         <load_address>0x3fffc0</load_address>
         <run_address>0x3fffc0</run_address>
         <size>0x2</size>
         <input_file_ref idref="fl-2c"/>
      </object_component>
      <object_component id="oc-fa">
         <name>PieVectTableFile</name>
         <uninitialized>true</uninitialized>
         <run_address>0xd00</run_address>
         <size>0x100</size>
         <input_file_ref idref="fl-16"/>
      </object_component>
      <object_component id="oc-db">
         <name>EmuKeyVar</name>
         <uninitialized>true</uninitialized>
         <run_address>0xd00</run_address>
         <size>0x1</size>
         <input_file_ref idref="fl-16"/>
      </object_component>
      <object_component id="oc-dc">
         <name>EmuBModeVar</name>
         <uninitialized>true</uninitialized>
         <run_address>0xd01</run_address>
         <size>0x1</size>
         <input_file_ref idref="fl-16"/>
      </object_component>
      <object_component id="oc-de">
         <name>FlashCallbackVar</name>
         <uninitialized>true</uninitialized>
         <run_address>0xd02</run_address>
         <size>0x2</size>
         <input_file_ref idref="fl-16"/>
      </object_component>
      <object_component id="oc-dd">
         <name>FlashScalingVar</name>
         <uninitialized>true</uninitialized>
         <run_address>0xd04</run_address>
         <size>0x2</size>
         <input_file_ref idref="fl-16"/>
      </object_component>
      <object_component id="oc-e0">
         <name>DevEmuRegsFile</name>
         <uninitialized>true</uninitialized>
         <run_address>0x880</run_address>
         <size>0x4</size>
         <input_file_ref idref="fl-16"/>
      </object_component>
      <object_component id="oc-df">
         <name>SysPwrCtrlRegsFile</name>
         <uninitialized>true</uninitialized>
         <run_address>0x985</run_address>
         <size>0x3</size>
         <input_file_ref idref="fl-16"/>
      </object_component>
      <object_component id="oc-e5">
         <name>FlashRegsFile</name>
         <uninitialized>true</uninitialized>
         <run_address>0xa80</run_address>
         <size>0x8</size>
         <input_file_ref idref="fl-16"/>
      </object_component>
      <object_component id="oc-e7">
         <name>CsmRegsFile</name>
         <uninitialized>true</uninitialized>
         <run_address>0xae0</run_address>
         <size>0x10</size>
         <input_file_ref idref="fl-16"/>
      </object_component>
      <object_component id="oc-f0">
         <name>AdcResultFile</name>
         <uninitialized>true</uninitialized>
         <run_address>0xb00</run_address>
         <size>0x20</size>
         <input_file_ref idref="fl-16"/>
      </object_component>
      <object_component id="oc-e1">
         <name>CpuTimer0RegsFile</name>
         <uninitialized>true</uninitialized>
         <run_address>0xc00</run_address>
         <size>0x8</size>
         <input_file_ref idref="fl-16"/>
      </object_component>
      <object_component id="oc-e2">
         <name>CpuTimer1RegsFile</name>
         <uninitialized>true</uninitialized>
         <run_address>0xc08</run_address>
         <size>0x8</size>
         <input_file_ref idref="fl-16"/>
      </object_component>
      <object_component id="oc-e3">
         <name>CpuTimer2RegsFile</name>
         <uninitialized>true</uninitialized>
         <run_address>0xc10</run_address>
         <size>0x8</size>
         <input_file_ref idref="fl-16"/>
      </object_component>
      <object_component id="oc-ee">
         <name>PieCtrlRegsFile</name>
         <uninitialized>true</uninitialized>
         <run_address>0xce0</run_address>
         <size>0x1a</size>
         <input_file_ref idref="fl-16"/>
      </object_component>
      <object_component id="oc-f1">
         <name>ECap1RegsFile</name>
         <uninitialized>true</uninitialized>
         <run_address>0x6a00</run_address>
         <size>0x20</size>
         <input_file_ref idref="fl-16"/>
      </object_component>
      <object_component id="oc-f8">
         <name>GpioCtrlRegsFile</name>
         <uninitialized>true</uninitialized>
         <run_address>0x6f80</run_address>
         <size>0x40</size>
         <input_file_ref idref="fl-16"/>
      </object_component>
      <object_component id="oc-f2">
         <name>GpioDataRegsFile</name>
         <uninitialized>true</uninitialized>
         <run_address>0x6fc0</run_address>
         <size>0x20</size>
         <input_file_ref idref="fl-16"/>
      </object_component>
      <object_component id="oc-e6">
         <name>GpioIntRegsFile</name>
         <uninitialized>true</uninitialized>
         <run_address>0x6fe0</run_address>
         <size>0xa</size>
         <input_file_ref idref="fl-16"/>
      </object_component>
      <object_component id="oc-ef">
         <name>SysCtrlRegsFile</name>
         <uninitialized>true</uninitialized>
         <run_address>0x7010</run_address>
         <size>0x1f</size>
         <input_file_ref idref="fl-16"/>
      </object_component>
      <object_component id="oc-ea">
         <name>SpiaRegsFile</name>
         <uninitialized>true</uninitialized>
         <run_address>0x7040</run_address>
         <size>0x10</size>
         <input_file_ref idref="fl-16"/>
      </object_component>
      <object_component id="oc-e9">
         <name>SciaRegsFile</name>
         <uninitialized>true</uninitialized>
         <run_address>0x7050</run_address>
         <size>0x10</size>
         <input_file_ref idref="fl-16"/>
      </object_component>
      <object_component id="oc-e8">
         <name>NmiIntruptRegsFile</name>
         <uninitialized>true</uninitialized>
         <run_address>0x7060</run_address>
         <size>0x10</size>
         <input_file_ref idref="fl-16"/>
      </object_component>
      <object_component id="oc-eb">
         <name>XIntruptRegsFile</name>
         <uninitialized>true</uninitialized>
         <run_address>0x7070</run_address>
         <size>0x10</size>
         <input_file_ref idref="fl-16"/>
      </object_component>
      <object_component id="oc-f9">
         <name>AdcRegsFile</name>
         <uninitialized>true</uninitialized>
         <run_address>0x7100</run_address>
         <size>0x51</size>
         <input_file_ref idref="fl-16"/>
      </object_component>
      <object_component id="oc-f3">
         <name>I2caRegsFile</name>
         <uninitialized>true</uninitialized>
         <run_address>0x7900</run_address>
         <size>0x22</size>
         <input_file_ref idref="fl-16"/>
      </object_component>
      <object_component id="oc-ec">
         <name>Comp1RegsFile</name>
         <uninitialized>true</uninitialized>
         <run_address>0x6400</run_address>
         <size>0x11</size>
         <input_file_ref idref="fl-16"/>
      </object_component>
      <object_component id="oc-ed">
         <name>Comp2RegsFile</name>
         <uninitialized>true</uninitialized>
         <run_address>0x6420</run_address>
         <size>0x11</size>
         <input_file_ref idref="fl-16"/>
      </object_component>
      <object_component id="oc-f4">
         <name>EPwm1RegsFile</name>
         <uninitialized>true</uninitialized>
         <run_address>0x6800</run_address>
         <size>0x40</size>
         <input_file_ref idref="fl-16"/>
      </object_component>
      <object_component id="oc-f5">
         <name>EPwm2RegsFile</name>
         <uninitialized>true</uninitialized>
         <run_address>0x6840</run_address>
         <size>0x40</size>
         <input_file_ref idref="fl-16"/>
      </object_component>
      <object_component id="oc-f6">
         <name>EPwm3RegsFile</name>
         <uninitialized>true</uninitialized>
         <run_address>0x6880</run_address>
         <size>0x40</size>
         <input_file_ref idref="fl-16"/>
      </object_component>
      <object_component id="oc-f7">
         <name>EPwm4RegsFile</name>
         <uninitialized>true</uninitialized>
         <run_address>0x68c0</run_address>
         <size>0x40</size>
         <input_file_ref idref="fl-16"/>
      </object_component>
      <object_component id="oc-e4">
         <name>CsmPwlFile</name>
         <uninitialized>true</uninitialized>
         <run_address>0x3f7ff8</run_address>
         <size>0x8</size>
         <input_file_ref idref="fl-16"/>
      </object_component>
      <object_component id="oc-da">
         <name>PartIdRegsFile</name>
         <uninitialized>true</uninitialized>
         <run_address>0x3d7fff</run_address>
         <size>0x1</size>
         <input_file_ref idref="fl-16"/>
      </object_component>
      <object_component id="oc-37">
         <name>.debug_info</name>
         <load_address>0x0</load_address>
         <run_address>0x0</run_address>
         <size>0x15ab</size>
         <input_file_ref idref="fl-2"/>
      </object_component>
      <object_component id="oc-3e">
         <name>.debug_info</name>
         <load_address>0x15ab</load_address>
         <run_address>0x15ab</run_address>
         <size>0x537</size>
         <input_file_ref idref="fl-3"/>
      </object_component>
      <object_component id="oc-43">
         <name>.debug_info</name>
         <load_address>0x1ae2</load_address>
         <run_address>0x1ae2</run_address>
         <size>0xb6c</size>
         <input_file_ref idref="fl-4"/>
      </object_component>
      <object_component id="oc-48">
         <name>.debug_info</name>
         <load_address>0x264e</load_address>
         <run_address>0x264e</run_address>
         <size>0xe1e</size>
         <input_file_ref idref="fl-5"/>
      </object_component>
      <object_component id="oc-4f">
         <name>.debug_info</name>
         <load_address>0x346c</load_address>
         <run_address>0x346c</run_address>
         <size>0x3385</size>
         <input_file_ref idref="fl-6"/>
      </object_component>
      <object_component id="oc-58">
         <name>.debug_info</name>
         <load_address>0x67f1</load_address>
         <run_address>0x67f1</run_address>
         <size>0x424</size>
         <input_file_ref idref="fl-7"/>
      </object_component>
      <object_component id="oc-5d">
         <name>.debug_info</name>
         <load_address>0x6c15</load_address>
         <run_address>0x6c15</run_address>
         <size>0xbeb</size>
         <input_file_ref idref="fl-8"/>
      </object_component>
      <object_component id="oc-62">
         <name>.debug_info</name>
         <load_address>0x7800</load_address>
         <run_address>0x7800</run_address>
         <size>0x422f</size>
         <input_file_ref idref="fl-9"/>
      </object_component>
      <object_component id="oc-6a">
         <name>.debug_info</name>
         <load_address>0xba2f</load_address>
         <run_address>0xba2f</run_address>
         <size>0x1f3</size>
         <input_file_ref idref="fl-a"/>
      </object_component>
      <object_component id="oc-6d">
         <name>.debug_info</name>
         <load_address>0xbc22</load_address>
         <run_address>0xbc22</run_address>
         <size>0x82b</size>
         <input_file_ref idref="fl-b"/>
      </object_component>
      <object_component id="oc-72">
         <name>.debug_info</name>
         <load_address>0xc44d</load_address>
         <run_address>0xc44d</run_address>
         <size>0x2fb1</size>
         <input_file_ref idref="fl-c"/>
      </object_component>
      <object_component id="oc-aa">
         <name>.debug_info</name>
         <load_address>0xf3fe</load_address>
         <run_address>0xf3fe</run_address>
         <size>0x14c8</size>
         <input_file_ref idref="fl-d"/>
      </object_component>
      <object_component id="oc-af">
         <name>.debug_info</name>
         <load_address>0x108c6</load_address>
         <run_address>0x108c6</run_address>
         <size>0x27f5</size>
         <input_file_ref idref="fl-e"/>
      </object_component>
      <object_component id="oc-b6">
         <name>.debug_info</name>
         <load_address>0x130bb</load_address>
         <run_address>0x130bb</run_address>
         <size>0xc0c</size>
         <input_file_ref idref="fl-f"/>
      </object_component>
      <object_component id="oc-bb">
         <name>.debug_info</name>
         <load_address>0x13cc7</load_address>
         <run_address>0x13cc7</run_address>
         <size>0x1f80</size>
         <input_file_ref idref="fl-10"/>
      </object_component>
      <object_component id="oc-c0">
         <name>.debug_info</name>
         <load_address>0x15c47</load_address>
         <run_address>0x15c47</run_address>
         <size>0x20ec</size>
         <input_file_ref idref="fl-11"/>
      </object_component>
      <object_component id="oc-c5">
         <name>.debug_info</name>
         <load_address>0x17d33</load_address>
         <run_address>0x17d33</run_address>
         <size>0x1fb4</size>
         <input_file_ref idref="fl-12"/>
      </object_component>
      <object_component id="oc-ca">
         <name>.debug_info</name>
         <load_address>0x19ce7</load_address>
         <run_address>0x19ce7</run_address>
         <size>0x30b1</size>
         <input_file_ref idref="fl-13"/>
      </object_component>
      <object_component id="oc-cf">
         <name>.debug_info</name>
         <load_address>0x1cd98</load_address>
         <run_address>0x1cd98</run_address>
         <size>0x324</size>
         <input_file_ref idref="fl-14"/>
      </object_component>
      <object_component id="oc-d6">
         <name>.debug_info</name>
         <load_address>0x1d0bc</load_address>
         <run_address>0x1d0bc</run_address>
         <size>0x17a</size>
         <input_file_ref idref="fl-15"/>
      </object_component>
      <object_component id="oc-d9">
         <name>.debug_info</name>
         <load_address>0x1d236</load_address>
         <run_address>0x1d236</run_address>
         <size>0xb10d</size>
         <input_file_ref idref="fl-16"/>
      </object_component>
      <object_component id="oc-fc">
         <name>.debug_info</name>
         <load_address>0x28343</load_address>
         <run_address>0x28343</run_address>
         <size>0x70f</size>
         <input_file_ref idref="fl-17"/>
      </object_component>
      <object_component id="oc-101">
         <name>.debug_info</name>
         <load_address>0x28a52</load_address>
         <run_address>0x28a52</run_address>
         <size>0x2d14</size>
         <input_file_ref idref="fl-18"/>
      </object_component>
      <object_component id="oc-108">
         <name>.debug_info</name>
         <load_address>0x2b766</load_address>
         <run_address>0x2b766</run_address>
         <size>0x50e</size>
         <input_file_ref idref="fl-19"/>
      </object_component>
      <object_component id="oc-10d">
         <name>.debug_info</name>
         <load_address>0x2bc74</load_address>
         <run_address>0x2bc74</run_address>
         <size>0x3a5f</size>
         <input_file_ref idref="fl-1a"/>
      </object_component>
      <object_component id="oc-116">
         <name>.debug_info</name>
         <load_address>0x2f6d3</load_address>
         <run_address>0x2f6d3</run_address>
         <size>0x173</size>
         <input_file_ref idref="fl-2c"/>
      </object_component>
      <object_component id="oc-11b">
         <name>.debug_info</name>
         <load_address>0x2f846</load_address>
         <run_address>0x2f846</run_address>
         <size>0x114</size>
         <input_file_ref idref="fl-2d"/>
      </object_component>
      <object_component id="oc-120">
         <name>.debug_info</name>
         <load_address>0x2f95a</load_address>
         <run_address>0x2f95a</run_address>
         <size>0x114</size>
         <input_file_ref idref="fl-2e"/>
      </object_component>
      <object_component id="oc-125">
         <name>.debug_info</name>
         <load_address>0x2fa6e</load_address>
         <run_address>0x2fa6e</run_address>
         <size>0x120</size>
         <input_file_ref idref="fl-2f"/>
      </object_component>
      <object_component id="oc-12a">
         <name>.debug_info</name>
         <load_address>0x2fb8e</load_address>
         <run_address>0x2fb8e</run_address>
         <size>0x11b</size>
         <input_file_ref idref="fl-30"/>
      </object_component>
      <object_component id="oc-12e">
         <name>.debug_info</name>
         <load_address>0x2fca9</load_address>
         <run_address>0x2fca9</run_address>
         <size>0x4fa</size>
         <input_file_ref idref="fl-31"/>
      </object_component>
      <object_component id="oc-133">
         <name>.debug_info</name>
         <load_address>0x301a3</load_address>
         <run_address>0x301a3</run_address>
         <size>0x3d3</size>
         <input_file_ref idref="fl-32"/>
      </object_component>
      <object_component id="oc-138">
         <name>.debug_info</name>
         <load_address>0x30576</load_address>
         <run_address>0x30576</run_address>
         <size>0x346</size>
         <input_file_ref idref="fl-33"/>
      </object_component>
      <object_component id="oc-13d">
         <name>.debug_info</name>
         <load_address>0x308bc</load_address>
         <run_address>0x308bc</run_address>
         <size>0x343</size>
         <input_file_ref idref="fl-34"/>
      </object_component>
      <object_component id="oc-142">
         <name>.debug_info</name>
         <load_address>0x30bff</load_address>
         <run_address>0x30bff</run_address>
         <size>0x4dd</size>
         <input_file_ref idref="fl-35"/>
      </object_component>
      <object_component id="oc-149">
         <name>.debug_info</name>
         <load_address>0x310dc</load_address>
         <run_address>0x310dc</run_address>
         <size>0x465</size>
         <input_file_ref idref="fl-36"/>
      </object_component>
      <object_component id="oc-14e">
         <name>.debug_info</name>
         <load_address>0x31541</load_address>
         <run_address>0x31541</run_address>
         <size>0x3ee</size>
         <input_file_ref idref="fl-37"/>
      </object_component>
      <object_component id="oc-153">
         <name>.debug_info</name>
         <load_address>0x3192f</load_address>
         <run_address>0x3192f</run_address>
         <size>0x49b</size>
         <input_file_ref idref="fl-38"/>
      </object_component>
      <object_component id="oc-1fc">
         <name>.debug_info</name>
         <load_address>0x31dca</load_address>
         <run_address>0x31dca</run_address>
         <size>0xaf</size>
      </object_component>
      <object_component id="oc-3a">
         <name>.debug_frame</name>
         <load_address>0x0</load_address>
         <run_address>0x0</run_address>
         <size>0xc8</size>
         <input_file_ref idref="fl-2"/>
      </object_component>
      <object_component id="oc-3f">
         <name>.debug_frame</name>
         <load_address>0xc8</load_address>
         <run_address>0xc8</run_address>
         <size>0x3c</size>
         <input_file_ref idref="fl-3"/>
      </object_component>
      <object_component id="oc-44">
         <name>.debug_frame</name>
         <load_address>0x104</load_address>
         <run_address>0x104</run_address>
         <size>0x94</size>
         <input_file_ref idref="fl-4"/>
      </object_component>
      <object_component id="oc-4b">
         <name>.debug_frame</name>
         <load_address>0x198</load_address>
         <run_address>0x198</run_address>
         <size>0x3c</size>
         <input_file_ref idref="fl-5"/>
      </object_component>
      <object_component id="oc-54">
         <name>.debug_frame</name>
         <load_address>0x1d4</load_address>
         <run_address>0x1d4</run_address>
         <size>0x118</size>
         <input_file_ref idref="fl-6"/>
      </object_component>
      <object_component id="oc-59">
         <name>.debug_frame</name>
         <load_address>0x2ec</load_address>
         <run_address>0x2ec</run_address>
         <size>0x3c</size>
         <input_file_ref idref="fl-7"/>
      </object_component>
      <object_component id="oc-5e">
         <name>.debug_frame</name>
         <load_address>0x328</load_address>
         <run_address>0x328</run_address>
         <size>0xe4</size>
         <input_file_ref idref="fl-8"/>
      </object_component>
      <object_component id="oc-63">
         <name>.debug_frame</name>
         <load_address>0x40c</load_address>
         <run_address>0x40c</run_address>
         <size>0x90</size>
         <input_file_ref idref="fl-9"/>
      </object_component>
      <object_component id="oc-6e">
         <name>.debug_frame</name>
         <load_address>0x49c</load_address>
         <run_address>0x49c</run_address>
         <size>0x3c</size>
         <input_file_ref idref="fl-b"/>
      </object_component>
      <object_component id="oc-a6">
         <name>.debug_frame</name>
         <load_address>0x4d8</load_address>
         <run_address>0x4d8</run_address>
         <size>0x4e8</size>
         <input_file_ref idref="fl-c"/>
      </object_component>
      <object_component id="oc-ab">
         <name>.debug_frame</name>
         <load_address>0x9c0</load_address>
         <run_address>0x9c0</run_address>
         <size>0x38</size>
         <input_file_ref idref="fl-d"/>
      </object_component>
      <object_component id="oc-b2">
         <name>.debug_frame</name>
         <load_address>0x9f8</load_address>
         <run_address>0x9f8</run_address>
         <size>0xbc</size>
         <input_file_ref idref="fl-e"/>
      </object_component>
      <object_component id="oc-b7">
         <name>.debug_frame</name>
         <load_address>0xab4</load_address>
         <run_address>0xab4</run_address>
         <size>0x50</size>
         <input_file_ref idref="fl-f"/>
      </object_component>
      <object_component id="oc-bc">
         <name>.debug_frame</name>
         <load_address>0xb04</load_address>
         <run_address>0xb04</run_address>
         <size>0x3c</size>
         <input_file_ref idref="fl-10"/>
      </object_component>
      <object_component id="oc-c1">
         <name>.debug_frame</name>
         <load_address>0xb40</load_address>
         <run_address>0xb40</run_address>
         <size>0x54</size>
         <input_file_ref idref="fl-11"/>
      </object_component>
      <object_component id="oc-c6">
         <name>.debug_frame</name>
         <load_address>0xb94</load_address>
         <run_address>0xb94</run_address>
         <size>0x70</size>
         <input_file_ref idref="fl-12"/>
      </object_component>
      <object_component id="oc-cb">
         <name>.debug_frame</name>
         <load_address>0xc04</load_address>
         <run_address>0xc04</run_address>
         <size>0xb4</size>
         <input_file_ref idref="fl-13"/>
      </object_component>
      <object_component id="oc-d0">
         <name>.debug_frame</name>
         <load_address>0xcb8</load_address>
         <run_address>0xcb8</run_address>
         <size>0x20</size>
         <input_file_ref idref="fl-14"/>
      </object_component>
      <object_component id="oc-fd">
         <name>.debug_frame</name>
         <load_address>0xcd8</load_address>
         <run_address>0xcd8</run_address>
         <size>0x74</size>
         <input_file_ref idref="fl-17"/>
      </object_component>
      <object_component id="oc-104">
         <name>.debug_frame</name>
         <load_address>0xd4c</load_address>
         <run_address>0xd4c</run_address>
         <size>0x198</size>
         <input_file_ref idref="fl-18"/>
      </object_component>
      <object_component id="oc-109">
         <name>.debug_frame</name>
         <load_address>0xee4</load_address>
         <run_address>0xee4</run_address>
         <size>0x38</size>
         <input_file_ref idref="fl-19"/>
[...]
      <symbol id="sm-439">
         <name>_ApFilter3Calc</name>
         <value>0x3f48f0</value>
         <object_component_ref idref="oc-1a5"/>
      </symbol>
      <symbol id="sm-43b">
         <name>_ApFilter3Reset</name>
         <value>0x3f526f</value>
         <object_component_ref idref="oc-195"/>
      </symbol>
      <symbol id="sm-43d">
         <name>_ApFilter3Init</name>
         <value>0x3f4f60</value>
         <object_component_ref idref="oc-194"/>
      </symbol>
      <symbol id="sm-4da">
         <name>_InterfaceInit</name>
         <value>0x3f4961</value>
         <object_component_ref idref="oc-176"/>
      </symbol>
      <symbol id="sm-4dc">
         <name>_InterfaceUpdate</name>
         <value>0x3f4a88</value>
         <object_component_ref idref="oc-17b"/>
      </symbol>
      <symbol id="sm-4de">
         <name>_adc_tf</name>
         <value>0x8c1c</value>
         <object_component_ref idref="oc-103"/>
      </symbol>
      <symbol id="sm-4df">
         <name>_adc_f</name>
         <value>0x8cc0</value>
         <object_component_ref idref="oc-180"/>
      </symbol>
      <symbol id="sm-4e0">
         <name>_temp_on</name>
         <value>0x8c06</value>
         <object_component_ref idref="oc-103"/>
      </symbol>
      <symbol id="sm-4e1">
         <name>_heating_level</name>
         <value>0x8c0c</value>
         <object_component_ref idref="oc-103"/>
      </symbol>
      <symbol id="sm-4e2">
         <name>_params</name>
         <value>0x3f55a2</value>
         <object_component_ref idref="oc-172"/>
      </symbol>
      <symbol id="sm-4e3">
         <name>_cool_on</name>
         <value>0x8c0f</value>
         <object_component_ref idref="oc-103"/>
      </symbol>
      <symbol id="sm-4e4">
         <name>_temp_bf</name>
         <value>0x8c05</value>
         <object_component_ref idref="oc-103"/>
      </symbol>
      <symbol id="sm-4e5">
         <name>_temp1f</name>
         <value>0x8c40</value>
         <object_component_ref idref="oc-103"/>
      </symbol>
      <symbol id="sm-4e6">
         <name>_temp_bf_delta</name>
         <value>0x8c1e</value>
         <object_component_ref idref="oc-103"/>
      </symbol>
      <symbol id="sm-4e7">
         <name>_temp2f</name>
         <value>0x8c56</value>
         <object_component_ref idref="oc-103"/>
      </symbol>
      <symbol id="sm-4e8">
         <name>_ReadReg</name>
         <value>0x3f50f9</value>
         <object_component_ref idref="oc-165"/>
      </symbol>
      <symbol id="sm-4ea">
         <name>_temp_off</name>
         <value>0x8c07</value>
         <object_component_ref idref="oc-103"/>
      </symbol>
      <symbol id="sm-4eb">
         <name>_WriteReg</name>
         <value>0x3f50af</value>
         <object_component_ref idref="oc-167"/>
      </symbol>
      <symbol id="sm-4ed">
         <name>_heating_mode</name>
         <value>0x8c0b</value>
         <object_component_ref idref="oc-103"/>
      </symbol>
      <symbol id="sm-4ee">
         <name>_lir_angle</name>
         <value>0x8c18</value>
         <object_component_ref idref="oc-103"/>
      </symbol>
      <symbol id="sm-4ef">
         <name>_heating_int</name>
         <value>0x8c0a</value>
         <object_component_ref idref="oc-103"/>
      </symbol>
      <symbol id="sm-4f0">
         <name>_current_cooling_level</name>
         <value>0x8c14</value>
         <object_component_ref idref="oc-103"/>
      </symbol>
      <symbol id="sm-4f1">
         <name>_cooling_mode</name>
         <value>0x8c12</value>
         <object_component_ref idref="oc-103"/>
      </symbol>
      <symbol id="sm-4f2">
         <name>_din_states</name>
         <value>0x8c0d</value>
         <object_component_ref idref="oc-103"/>
      </symbol>
      <symbol id="sm-4f3">
         <name>_heating_timer</name>
         <value>0x8c1a</value>
         <object_component_ref idref="oc-103"/>
      </symbol>
      <symbol id="sm-4f4">
         <name>_wr_flag</name>
         <value>0x8c01</value>
         <object_component_ref idref="oc-103"/>
      </symbol>
      <symbol id="sm-4f5">
         <name>_spi_enable</name>
         <value>0x8c02</value>
         <object_component_ref idref="oc-103"/>
      </symbol>
      <symbol id="sm-4f6">
         <name>_user_temp</name>
         <value>0x8c08</value>
         <object_component_ref idref="oc-103"/>
      </symbol>
      <symbol id="sm-4f7">
         <name>_dev_number</name>
         <value>0x8c00</value>
         <object_component_ref idref="oc-103"/>
      </symbol>
      <symbol id="sm-4f8">
         <name>_Eeprom</name>
         <value>0x8c28</value>
         <object_component_ref idref="oc-103"/>
      </symbol>
      <symbol id="sm-4f9">
         <name>_I2cMsg</name>
         <value>0x8c80</value>
         <object_component_ref idref="oc-103"/>
      </symbol>
      <symbol id="sm-4fa">
         <name>_Tsens</name>
         <value>0x8c22</value>
         <object_component_ref idref="oc-103"/>
      </symbol>
      <symbol id="sm-4fb">
         <name>_cool_off</name>
         <value>0x8c10</value>
         <object_component_ref idref="oc-103"/>
      </symbol>
      <symbol id="sm-4fc">
         <name>_adc_values</name>
         <value>0x8ac0</value>
         <object_component_ref idref="oc-17f"/>
      </symbol>
      <symbol id="sm-4fd">
         <name>_enc_enable</name>
         <value>0x8c03</value>
         <object_component_ref idref="oc-103"/>
      </symbol>
      <symbol id="sm-4fe">
         <name>_temp_cpu</name>
         <value>0x8c04</value>
         <object_component_ref idref="oc-103"/>
      </symbol>
      <symbol id="sm-4ff">
         <name>_upd_freq</name>
         <value>0x8c0e</value>
         <object_component_ref idref="oc-103"/>
      </symbol>
      <symbol id="sm-500">
         <name>_cooling_level</name>
         <value>0x8c13</value>
         <object_component_ref idref="oc-103"/>
      </symbol>
      <symbol id="sm-501">
         <name>_tsensX</name>
         <value>0x8ab0</value>
         <object_component_ref idref="oc-181"/>
      </symbol>
      <symbol id="sm-502">
         <name>_tsensY</name>
         <value>0x8ab5</value>
         <object_component_ref idref="oc-183"/>
      </symbol>
      <symbol id="sm-503">
         <name>_heating</name>
         <value>0x8c09</value>
         <object_component_ref idref="oc-103"/>
      </symbol>
      <symbol id="sm-504">
         <name>_cooling</name>
         <value>0x8c11</value>
         <object_component_ref idref="oc-103"/>
      </symbol>
      <symbol id="sm-511">
         <name>_main</name>
         <value>0x3f5423</value>
         <object_component_ref idref="oc-16b"/>
      </symbol>
      <symbol id="sm-52e">
         <name>_InitHeatGpio</name>
         <value>0x3f53ef</value>
         <object_component_ref idref="oc-1b8"/>
      </symbol>
      <symbol id="sm-530">
         <name>_system_time</name>
         <value>0x8bd8</value>
         <object_component_ref idref="oc-10f"/>
      </symbol>
      <symbol id="sm-531">
         <name>_InitHardware</name>
         <value>0x3f4c89</value>
         <object_component_ref idref="oc-175"/>
      </symbol>
      <symbol id="sm-533">
         <name>_SystemTickUpdate</name>
         <value>0x3f5141</value>
         <object_component_ref idref="oc-179"/>
      </symbol>
      <symbol id="sm-54f">
         <name>_c_int00</name>
         <value>0x3f4be3</value>
         <object_component_ref idref="oc-36"/>
      </symbol>
      <symbol id="sm-550">
         <name>__stack</name>
         <value>0x50</value>
         <object_component_ref idref="oc-114"/>
      </symbol>
      <symbol id="sm-56a">
         <name>FS$$ADD</name>
         <value>0x3f4808</value>
         <object_component_ref idref="oc-11a"/>
      </symbol>
      <symbol id="sm-56b">
         <name>FS$$SUB</name>
         <value>0x3f4803</value>
         <object_component_ref idref="oc-11a"/>
      </symbol>
      <symbol id="sm-57c">
         <name>FS$$DIV</name>
         <value>0x3f4780</value>
         <object_component_ref idref="oc-11f"/>
      </symbol>
      <symbol id="sm-58d">
         <name>FS$$TOU</name>
         <value>0x3f5219</value>
         <object_component_ref idref="oc-124"/>
      </symbol>
      <symbol id="sm-59d">
         <name>UL$$TOFS</name>
         <value>0x3f53dc</value>
         <object_component_ref idref="oc-129"/>
      </symbol>
      <symbol id="sm-5ac">
         <name>_copy_in</name>
         <value>0x3f511d</value>
         <object_component_ref idref="oc-160"/>
      </symbol>
      <symbol id="sm-5be">
         <name>_memcpy</name>
         <value>0x3f5236</value>
         <object_component_ref idref="oc-16a"/>
      </symbol>
      <symbol id="sm-5cb">
         <name>__system_pre_init</name>
         <value>0x3f5580</value>
         <object_component_ref idref="oc-15f"/>
      </symbol>
      <symbol id="sm-5d9">
         <name>__system_post_cinit</name>
         <value>0x3f5582</value>
         <object_component_ref idref="oc-161"/>
      </symbol>
      <symbol id="sm-5ee">
         <name>C$$EXIT</name>
         <value>0x3f5011</value>
         <object_component_ref idref="oc-163"/>
      </symbol>
      <symbol id="sm-5ef">
         <name>_exit</name>
         <value>0x3f5013</value>
         <object_component_ref idref="oc-163"/>
      </symbol>
      <symbol id="sm-5f1">
         <name>___TI_cleanup_ptr</name>
         <value>0x8aac</value>
         <object_component_ref idref="oc-144"/>
      </symbol>
      <symbol id="sm-5f2">
         <name>___TI_enable_exit_profile_output</name>
         <value>0x8aaa</value>
         <object_component_ref idref="oc-144"/>
      </symbol>
      <symbol id="sm-5f3">
         <name>_abort</name>
         <value>0x3f5011</value>
         <object_component_ref idref="oc-163"/>
      </symbol>
      <symbol id="sm-5f5">
         <name>___TI_dtors_ptr</name>
         <value>0x8aae</value>
         <object_component_ref idref="oc-144"/>
      </symbol>
      <symbol id="sm-609">
         <name>__unlock</name>
         <value>0x8be0</value>
         <object_component_ref idref="oc-1a6"/>
      </symbol>
      <symbol id="sm-60a">
         <name>__lock</name>
         <value>0x8abe</value>
         <object_component_ref idref="oc-16c"/>
      </symbol>
      <symbol id="sm-60b">
         <name>__register_lock</name>
         <value>0x3f5465</value>
         <object_component_ref idref="oc-17c"/>
      </symbol>
      <symbol id="sm-60d">
         <name>__nop</name>
         <value>0x3f5469</value>
         <object_component_ref idref="oc-17c"/>
      </symbol>
      <symbol id="sm-60f">
         <name>__register_unlock</name>
         <value>0x3f5461</value>
         <object_component_ref idref="oc-17c"/>
      </symbol>
      <symbol id="sm-61f">
         <name>__args_main</name>
         <value>0x3f5412</value>
         <object_component_ref idref="oc-162"/>
      </symbol>
      <symbol id="sm-62e">
         <name>_memset</name>
         <value>0x3f547a</value>
         <object_component_ref idref="oc-192"/>
      </symbol>
      <symbol id="sm-63a">
         <name>__IQ16div</name>
         <value>0x3f598a</value>
         <object_component_ref idref="oc-158"/>
      </symbol>
      <symbol id="sm-645">
         <name>__IQ1div</name>
         <value>0x3f59d1</value>
         <object_component_ref idref="oc-159"/>
      </symbol>
      <symbol id="sm-650">
         <name>__IQ22div</name>
         <value>0x3f5a18</value>
         <object_component_ref idref="oc-15a"/>
      </symbol>
      <symbol id="sm-65b">
         <name>__IQ24div</name>
         <value>0x3f5a5f</value>
         <object_component_ref idref="oc-15b"/>
      </symbol>
      <symbol id="sm-665">
         <name>__IQ24rsmpy</name>
         <value>0x3f5aed</value>
         <object_component_ref idref="oc-15c"/>
      </symbol>
      <symbol id="sm-670">
         <name>__IQ30div</name>
         <value>0x3f5aa6</value>
         <object_component_ref idref="oc-15d"/>
      </symbol>
      <symbol id="sm-674">
         <name>_IQ16mpyRndSatTable</name>
         <value>0x3fea90</value>
         <object_component_ref idref="oc-15e"/>
      </symbol>
      <symbol id="sm-675">
         <name>_IQ24mpyRndSatTable</name>
         <value>0x3fea30</value>
         <object_component_ref idref="oc-15e"/>
      </symbol>
      <symbol id="sm-676">
         <name>_IQ13mpyRndSatTable</name>
         <value>0x3feab4</value>
         <object_component_ref idref="oc-15e"/>
      </symbol>
      <symbol id="sm-677">
         <name>_IQ21mpyRndSatTable</name>
         <value>0x3fea54</value>
         <object_component_ref idref="oc-15e"/>
      </symbol>
      <symbol id="sm-678">
         <name>_IQ10mpyRndSatTable</name>
         <value>0x3fead8</value>
         <object_component_ref idref="oc-15e"/>
      </symbol>
      <symbol id="sm-679">
         <name>_IQdivTable</name>
         <value>0x3fe510</value>
         <object_component_ref idref="oc-15e"/>
      </symbol>
      <symbol id="sm-67a">
         <name>_IQ9mpyRndSatTable</name>
         <value>0x3feae4</value>
         <object_component_ref idref="oc-15e"/>
      </symbol>
      <symbol id="sm-67b">
         <name>_IQ6mpyRndSatTable</name>
         <value>0x3feb08</value>
         <object_component_ref idref="oc-15e"/>
      </symbol>
      <symbol id="sm-67c">
         <name>_IQatan2TableEnd</name>
         <value>0x3fe9e8</value>
         <object_component_ref idref="oc-15e"/>
      </symbol>
      <symbol id="sm-67d">
         <name>_IQdivTableEnd</name>
         <value>0x3fe712</value>
         <object_component_ref idref="oc-15e"/>
      </symbol>
      <symbol id="sm-67e">
         <name>_IQ29mpyRndSatTable</name>
         <value>0x3fe9f4</value>
         <object_component_ref idref="oc-15e"/>
      </symbol>
      <symbol id="sm-67f">
         <name>_IQ3mpyRndSatTable</name>
         <value>0x3feb2c</value>
         <object_component_ref idref="oc-15e"/>
      </symbol>
      <symbol id="sm-680">
         <name>_IQ18mpyRndSatTable</name>
         <value>0x3fea78</value>
         <object_component_ref idref="oc-15e"/>
      </symbol>
      <symbol id="sm-681">
         <name>_IQ26mpyRndSatTable</name>
         <value>0x3fea18</value>
         <object_component_ref idref="oc-15e"/>
      </symbol>
      <symbol id="sm-682">
         <name>_IQcosTableEnd</name>
         <value>0x3fe502</value>
         <object_component_ref idref="oc-15e"/>
      </symbol>
      <symbol id="sm-683">
         <name>_IQsinTableEnd</name>
         <value>0x3fe400</value>
         <object_component_ref idref="oc-15e"/>
      </symbol>
      <symbol id="sm-684">
         <name>_IQ15mpyRndSatTable</name>
         <value>0x3fea9c</value>
         <object_component_ref idref="oc-15e"/>
      </symbol>
      <symbol id="sm-685">
         <name>_IQ23mpyRndSatTable</name>
         <value>0x3fea3c</value>
         <object_component_ref idref="oc-15e"/>
      </symbol>
      <symbol id="sm-686">
         <name>_IQ12mpyRndSatTable</name>
         <value>0x3feac0</value>
         <object_component_ref idref="oc-15e"/>
      </symbol>
      <symbol id="sm-687">
         <name>_IQ20mpyRndSatTable</name>
         <value>0x3fea60</value>
         <object_component_ref idref="oc-15e"/>
      </symbol>
      <symbol id="sm-688">
         <name>_IQisqrtTableEnd</name>
         <value>0x3fe824</value>
         <object_component_ref idref="oc-15e"/>
      </symbol>
      <symbol id="sm-689">
         <name>_IQ8mpyRndSatTable</name>
         <value>0x3feaf0</value>
         <object_component_ref idref="oc-15e"/>
      </symbol>
      <symbol id="sm-68a">
         <name>_IQisqrtRoundSatTable</name>
         <value>0x3fe712</value>
         <object_component_ref idref="oc-15e"/>
      </symbol>
      <symbol id="sm-68b">
         <name>_IQ5mpyRndSatTable</name>
         <value>0x3feb14</value>
         <object_component_ref idref="oc-15e"/>
      </symbol>
      <symbol id="sm-68c">
         <name>_IQmpyRndSatTable</name>
         <value>0x3fe9e8</value>
         <object_component_ref idref="oc-15e"/>
      </symbol>
      <symbol id="sm-68d">
         <name>_IQ28mpyRndSatTable</name>
         <value>0x3fea00</value>
         <object_component_ref idref="oc-15e"/>
      </symbol>
      <symbol id="sm-68e">
         <name>_IQatan2Table</name>
         <value>0x3fe862</value>
         <object_component_ref idref="oc-15e"/>
      </symbol>
      <symbol id="sm-68f">
         <name>_IQ2mpyRndSatTable</name>
         <value>0x3feb38</value>
         <object_component_ref idref="oc-15e"/>
      </symbol>
      <symbol id="sm-690">
         <name>_IQatan2HalfPITable</name>
         <value>0x3fe824</value>
         <object_component_ref idref="oc-15e"/>
      </symbol>
      <symbol id="sm-691">
         <name>_IQ17mpyRndSatTable</name>
         <value>0x3fea84</value>
         <object_component_ref idref="oc-15e"/>
      </symbol>
      <symbol id="sm-692">
         <name>_IQ25mpyRndSatTable</name>
         <value>0x3fea24</value>
         <object_component_ref idref="oc-15e"/>
      </symbol>
      <symbol id="sm-693">
         <name>_IQsqrtTable</name>
         <value>0x3fe722</value>
         <object_component_ref idref="oc-15e"/>
      </symbol>
      <symbol id="sm-694">
         <name>_IQsqrtTableEnd</name>
         <value>0x3fe824</value>
         <object_component_ref idref="oc-15e"/>
      </symbol>
      <symbol id="sm-695">
         <name>_IQ14mpyRndSatTable</name>
         <value>0x3feaa8</value>
         <object_component_ref idref="oc-15e"/>
      </symbol>
      <symbol id="sm-696">
         <name>_IQ22mpyRndSatTable</name>
         <value>0x3fea48</value>
         <object_component_ref idref="oc-15e"/>
      </symbol>
      <symbol id="sm-697">
         <name>_IQ30mpyRndSatTable</name>
         <value>0x3fe9e8</value>
         <object_component_ref idref="oc-15e"/>
      </symbol>
      <symbol id="sm-698">
         <name>_IQsqrtRoundSatTable</name>
         <value>0x3fe712</value>
         <object_component_ref idref="oc-15e"/>
      </symbol>
      <symbol id="sm-699">
         <name>_IQ11mpyRndSatTable</name>
         <value>0x3feacc</value>
         <object_component_ref idref="oc-15e"/>
      </symbol>
      <symbol id="sm-69a">
         <name>_IQdivRoundSatTable</name>
         <value>0x3fe502</value>
         <object_component_ref idref="oc-15e"/>
      </symbol>
      <symbol id="sm-69b">
         <name>_IQ7mpyRndSatTable</name>
         <value>0x3feafc</value>
         <object_component_ref idref="oc-15e"/>
      </symbol>
      <symbol id="sm-69c">
         <name>_IQcosTable</name>
         <value>0x3fe100</value>
         <object_component_ref idref="oc-15e"/>
      </symbol>
      <symbol id="sm-69d">
         <name>_IQisqrtTable</name>
         <value>0x3fe722</value>
         <object_component_ref idref="oc-15e"/>
      </symbol>
      <symbol id="sm-69e">
         <name>_IQ4mpyRndSatTable</name>
         <value>0x3feb20</value>
         <object_component_ref idref="oc-15e"/>
      </symbol>
      <symbol id="sm-69f">
         <name>_IQ19mpyRndSatTable</name>
         <value>0x3fea6c</value>
         <object_component_ref idref="oc-15e"/>
      </symbol>
      <symbol id="sm-6a0">
         <name>_IQ27mpyRndSatTable</name>
         <value>0x3fea0c</value>
         <object_component_ref idref="oc-15e"/>
      </symbol>
      <symbol id="sm-6a1">
         <name>_IQmpyRndSatTableEnd</name>
         <value>0x3feb50</value>
         <object_component_ref idref="oc-15e"/>
      </symbol>
      <symbol id="sm-6a2">
         <name>_IQ1mpyRndSatTable</name>
         <value>0x3feb44</value>
         <object_component_ref idref="oc-15e"/>
      </symbol>
      <symbol id="sm-6a3">
         <name>_IQsinTable</name>
         <value>0x3fe000</value>
         <object_component_ref idref="oc-15e"/>
      </symbol>
   </symbol_table>
   <title>Link successful</title>
</link_info>
